Component: ARM Compiler 5.06 update 7 (build 960) Tool: armlink [4d3601]

==============================================================================

Section Cross References

    startup_lpc17xx.o(STACK) refers (Special) to heapauxi.o(.text) for __use_two_region_memory
    startup_lpc17xx.o(HEAP) refers (Special) to heapauxi.o(.text) for __use_two_region_memory
    startup_lpc17xx.o(RESET) refers (Special) to heapauxi.o(.text) for __use_two_region_memory
    startup_lpc17xx.o(RESET) refers to startup_lpc17xx.o(STACK) for __initial_sp
    startup_lpc17xx.o(RESET) refers to startup_lpc17xx.o(.text) for Reset_Handler
    startup_lpc17xx.o(RESET) refers to irq_timer.o(.text) for TIMER0_IRQHandler
    startup_lpc17xx.o(RESET) refers to irq_button.o(.text) for EINT0_IRQHandler
    startup_lpc17xx.o(RESET) refers to irq_can.o(.text) for CAN_IRQHandler
    startup_lpc17xx.o(RESET) refers to irq_rit.o(.text) for RIT_IRQHandler
    startup_lpc17xx.o(.ARM.__at_0x02FC) refers (Special) to heapauxi.o(.text) for __use_two_region_memory
    startup_lpc17xx.o(.text) refers (Special) to heapauxi.o(.text) for __use_two_region_memory
    startup_lpc17xx.o(.text) refers to __main.o(!!!main) for __main
    startup_lpc17xx.o(.text) refers to startup_lpc17xx.o(HEAP) for Heap_Mem
    startup_lpc17xx.o(.text) refers to startup_lpc17xx.o(STACK) for Stack_Mem
    sample.o(.text) refers to system_lpc17xx.o(.text) for SystemInit
    sample.o(.text) refers to glcd.o(.text) for LCD_Initialization
    sample.o(.text) refers to lib_button.o(.text) for BUTTON_init
    sample.o(.text) refers to lib_can.o(.text) for CAN_Init
    sample.o(.text) refers to lib_rit.o(.text) for init_RIT
    sample.o(.text) refers to lib_timer.o(.text) for init_timer
    sample.o(.text) refers to touchpanel.o(.text) for DrawStart
    system_lpc17xx.o(.text) refers to system_lpc17xx.o(.data) for .data
    irq_timer.o(.text) refers to _printf_pad.o(.text) for _printf_pre_padding
    irq_timer.o(.text) refers to _printf_percent.o(.ARM.Collect$$_printf_percent$$00000000) for _printf_percent
    irq_timer.o(.text) refers to _printf_d.o(.ARM.Collect$$_printf_percent$$00000009) for _printf_d
    irq_timer.o(.text) refers to _printf_dec.o(.text) for _printf_int_dec
    irq_timer.o(.text) refers to noretval__2sprintf.o(.text) for __2sprintf
    irq_timer.o(.text) refers to glcd.o(.text) for GUI_Text
    irq_timer.o(.text) refers to touchpanel.o(.text) for DeleteWallO
    irq_timer.o(.text) refers to moves.o(.text) for moveRecord
    irq_timer.o(.text) refers to game_mode.o(.text) for bot_function
    irq_timer.o(.text) refers to lib_rit.o(.text) for disable_RIT
    irq_timer.o(.text) refers to lib_timer.o(.text) for disable_timer
    irq_timer.o(.text) refers to lib_joystick.o(.text) for joystick_init
    irq_timer.o(.text) refers to irq_rit.o(.data) for game
    irq_timer.o(.text) refers to wall_moves.o(.bss) for W_V
    irq_timer.o(.text) refers to irq_rit.o(.data) for W_ind_O
    irq_timer.o(.text) refers to moves.o(.bss) for player
    irq_timer.o(.text) refers to irq_rit.o(.data) for move
    irq_timer.o(.text) refers to irq_timer.o(.data) for .data
    irq_timer.o(.text) refers to irq_rit.o(.data) for wallflag
    irq_timer.o(.text) refers to irq_rit.o(.data) for rotate
    irq_timer.o(.text) refers to irq_rit.o(.data) for W_ind_V
    irq_timer.o(.text) refers to moves.o(.data) for recording
    glcd.o(.text) refers to glcd.o(.data) for .data
    glcd.o(.text) refers to asciilib.o(.text) for GetASCIICode
    asciilib.o(.text) refers to rt_memcpy_v6.o(.text) for __aeabi_memcpy
    asciilib.o(.text) refers to asciilib.o(.constdata) for .constdata
    touchpanel.o(.text) refers to glcd.o(.text) for LCD_SetPoint
    touchpanel.o(.text) refers to irq_timer.o(.data) for change
    touchpanel.o(.text) refers to moves.o(.data) for black2
    irq_button.o(.text) refers to irq_rit.o(.data) for down0
    lib_button.o(.text) refers to lib_timer.o(.text) for enable_timer
    lib_button.o(.text) refers to touchpanel.o(.text) for DeleteWallO
    lib_button.o(.text) refers to moves.o(.text) for enlight_direction
    lib_button.o(.text) refers to irq_timer.o(.data) for player_index
    lib_button.o(.text) refers to irq_rit.o(.data) for wall1
    lib_button.o(.text) refers to irq_rit.o(.data) for wall2
    lib_button.o(.text) refers to irq_rit.o(.data) for wallflag
    lib_button.o(.text) refers to wall_moves.o(.bss) for W_O
    lib_button.o(.text) refers to irq_rit.o(.data) for W_ind_O
    lib_button.o(.text) refers to irq_rit.o(.data) for rotate
    lib_button.o(.text) refers to irq_rit.o(.data) for W_ind_V
    funct_joystick.o(.text) refers to _printf_percent.o(.ARM.Collect$$_printf_percent$$00000000) for _printf_percent
    funct_joystick.o(.text) refers to _printf_d.o(.ARM.Collect$$_printf_percent$$00000009) for _printf_d
    funct_joystick.o(.text) refers to _printf_dec.o(.text) for _printf_int_dec
    funct_joystick.o(.text) refers to wall_moves.o(.text) for wall_up
[...]
    game_mode.o(.text) refers to irq_rit.o(.data) for wall1s
    game_mode.o(.text) refers to irq_rit.o(.data) for wall2s
    game_mode.o(.text) refers to irq_rit.o(.data) for game
    game_mode.o(.text) refers to sample.o(.data) for start
    game_mode.o(.text) refers to lib_can.o(.bss) for CAN_TxMsg
    game_mode.o(.text) refers to lib_rit.o(.text) for disable_RIT
    irq_can.o(.text) refers to _printf_percent.o(.ARM.Collect$$_printf_percent$$00000000) for _printf_percent
    irq_can.o(.text) refers to _printf_d.o(.ARM.Collect$$_printf_percent$$00000009) for _printf_d
    irq_can.o(.text) refers to _printf_dec.o(.text) for _printf_int_dec
    irq_can.o(.text) refers to lib_can.o(.text) for CAN_rdMsg
    irq_can.o(.text) refers to glcd.o(.text) for LCD_Clear
    irq_can.o(.text) refers to touchpanel.o(.text) for DrawMenu
    irq_can.o(.text) refers to game_mode.o(.text) for change_mode
    irq_can.o(.text) refers to lib_rit.o(.text) for enable_RIT
    irq_can.o(.text) refers to moves.o(.text) for move_right
    irq_can.o(.text) refers to noretval__2sprintf.o(.text) for __2sprintf
    irq_can.o(.text) refers to lib_timer.o(.text) for enable_timer
    irq_can.o(.text) refers to lib_can.o(.data) for icr
    irq_can.o(.text) refers to lib_can.o(.bss) for CAN_RxMsg
    irq_can.o(.text) refers to moves.o(.data) for recording
    irq_can.o(.text) refers to sample.o(.data) for start
    irq_can.o(.text) refers to game_mode.o(.data) for num_board
    irq_can.o(.text) refers to irq_rit.o(.data) for game
    irq_can.o(.text) refers to irq_timer.o(.data) for player_index
    irq_can.o(.text) refers to irq_rit.o(.data) for wallflag
    irq_can.o(.text) refers to irq_rit.o(.data) for rotate
    irq_can.o(.text) refers to moves.o(.bss) for player
    irq_can.o(.text) refers to irq_rit.o(.data) for wall1
    irq_can.o(.text) refers to irq_rit.o(.data) for wall2
    irq_can.o(.text) refers to wall_moves.o(.bss) for W_V
    irq_can.o(.text) refers to irq_rit.o(.data) for W_ind_V
    irq_can.o(.text) refers to irq_rit.o(.data) for W_ind_O
    irq_can.o(.text) refers to irq_rit.o(.data) for wall1s
    irq_can.o(.text) refers to irq_rit.o(.data) for wall2s
    lib_can.o(.text) refers to lib_can.o(.data) for .data
    lib_can.o(.text) refers to lib_can.o(.constdata) for .constdata
    __2sprintf.o(.text) refers to _printf_char_common.o(.text) for _printf_char_common
    __2sprintf.o(.text) refers to _sputc.o(.text) for _sputc
    noretval__2sprintf.o(.text) refers to _printf_char_common.o(.text) for _printf_char_common
    noretval__2sprintf.o(.text) refers to _sputc.o(.text) for _sputc
    __printf.o(.text) refers to _printf_percent.o(.ARM.Collect$$_printf_percent$$00000000) for _printf_percent
    _printf_dec.o(.text) refers to _printf_intcommon.o(.text) for _printf_int_common
    __printf_flags.o(.text) refers to _printf_percent.o(.ARM.Collect$$_printf_percent$$00000000) for _printf_percent
    __printf_flags.o(.text) refers to __printf_flags.o(.constdata) for .constdata
    __printf_ss.o(.text) refers to _printf_percent.o(.ARM.Collect$$_printf_percent$$00000000) for _printf_percent
    __printf_flags_ss.o(.text) refers to _printf_percent.o(.ARM.Collect$$_printf_percent$$00000000) for _printf_percent
    __printf_flags_ss.o(.text) refers to __printf_flags_ss.o(.constdata) for .constdata
    __printf_wp.o(.text) refers to __printf_wp.o(i._is_digit) for _is_digit
    __printf_wp.o(.text) refers to _printf_percent.o(.ARM.Collect$$_printf_percent$$00000000) for _printf_percent
    __printf_flags_wp.o(.text) refers to __printf_wp.o(i._is_digit) for _is_digit
    __printf_flags_wp.o(.text) refers to _printf_percent.o(.ARM.Collect$$_printf_percent$$00000000) for _printf_percent
    __printf_flags_wp.o(.text) refers to __printf_flags_wp.o(.constdata) for .constdata
    __printf_ss_wp.o(.text) refers to __printf_wp.o(i._is_digit) for _is_digit
    __printf_ss_wp.o(.text) refers to _printf_percent.o(.ARM.Collect$$_printf_percent$$00000000) for _printf_percent
    __printf_flags_ss_wp.o(.text) refers to __printf_wp.o(i._is_digit) for _is_digit
    __printf_flags_ss_wp.o(.text) refers to _printf_percent.o(.ARM.Collect$$_printf_percent$$00000000) for _printf_percent
    __printf_flags_ss_wp.o(.text) refers to __printf_flags_ss_wp.o(.constdata) for .constdata
    _printf_d.o(.ARM.Collect$$_printf_percent$$00000009) refers (Weak) to _printf_dec.o(.text) for _printf_int_dec
    _printf_percent.o(.ARM.Collect$$_printf_percent$$00000000) refers (Special) to _printf_percent_end.o(.ARM.Collect$$_printf_percent$$00000017) for _printf_percent_end
    rt_memcpy_v6.o(.text) refers to rt_memcpy_w.o(.text) for __aeabi_memcpy4
    __main.o(!!!main) refers to __rtentry.o(.ARM.Collect$$rtentry$$00000000) for __rt_entry
    __rtentry.o(.ARM.Collect$$rtentry$$00000000) refers (Special) to __rtentry2.o(.ARM.Collect$$rtentry$$0000000A) for __rt_entry_li
    __rtentry.o(.ARM.Collect$$rtentry$$00000000) refers (Special) to __rtentry2.o(.ARM.Collect$$rtentry$$0000000D) for __rt_entry_main
    __rtentry.o(.ARM.Collect$$rtentry$$00000000) refers (Special) to __rtentry2.o(.ARM.Collect$$rtentry$$0000000C) for __rt_entry_postli_1
    __rtentry.o(.ARM.Collect$$rtentry$$00000000) refers (Special) to __rtentry2.o(.ARM.Collect$$rtentry$$00000009) for __rt_entry_postsh_1
    __rtentry.o(.ARM.Collect$$rtentry$$00000000) refers (Special) to __rtentry2.o(.ARM.Collect$$rtentry$$00000002) for __rt_entry_presh_1
    __rtentry.o(.ARM.Collect$$rtentry$$00000000) refers (Special) to __rtentry4.o(.ARM.Collect$$rtentry$$00000004) for __rt_entry_sh
    _printf_intcommon.o(.text) refers (Weak) to _printf_pad.o(.text) for _printf_pre_padding
    _printf_intcommon.o(.text) refers (Weak) to _printf_pad.o(.text) for _printf_pre_padding
    _printf_intcommon.o(.text) refers (Weak) to _printf_pad.o(.text) for _printf_post_padding
    _printf_char_common.o(.text) refers to __printf_flags_wp.o(.text) for __printf
    __rtentry2.o(.ARM.Collect$$rtentry$$00000008) refers to boardinit2.o(.text) for _platform_post_stackheap_init
    __rtentry2.o(.ARM.Collect$$rtentry$$0000000A) refers to libinit.o(.ARM.Collect$$libinit$$00000000) for __rt_lib_init
    __rtentry2.o(.ARM.Collect$$rtentry$$0000000B) refers to boardinit3.o(.text) for _platform_post_lib_init
    __rtentry2.o(.ARM.Collect$$rtentry$$0000000D) refers to sample.o(.text) for main
    __rtentry2.o(.ARM.Collect$$rtentry$$0000000D) refers to exit.o(.text) for exit
    __rtentry2.o(.ARM.exidx) refers to __rtentry2.o(.ARM.Collect$$rtentry$$00000001) for .ARM.Collect$$rtentry$$00000001
    __rtentry2.o(.ARM.exidx) refers to __rtentry2.o(.ARM.Collect$$rtentry$$00000008) for .ARM.Collect$$rtentry$$00000008
    __rtentry2.o(.ARM.exidx) refers to __rtentry2.o(.ARM.Collect$$rtentry$$0000000A) for .ARM.Collect$$rtentry$$0000000A
    __rtentry2.o(.ARM.exidx) refers to __rtentry2.o(.ARM.Collect$$rtentry$$0000000B) for .ARM.Collect$$rtentry$$0000000B
    __rtentry2.o(.ARM.exidx) refers to __rtentry2.o(.ARM.Collect$$rtentry$$0000000D) for .ARM.Collect$$rtentry$$0000000D
    __rtentry4.o(.ARM.Collect$$rtentry$$00000004) refers to sys_stackheap_outer.o(.text) for __user_setup_stackheap
    __rtentry4.o(.ARM.exidx) refers to __rtentry4.o(.ARM.Collect$$rtentry$$00000004) for .ARM.Collect$$rtentry$$00000004
    sys_stackheap_outer.o(.text) refers to libspace.o(.text) for __user_perproc_libspace
    sys_stackheap_outer.o(.text) refers to startup_lpc17xx.o(.text) for __user_initial_stackheap
    exit.o(.text) refers to rtexit.o(.ARM.Collect$$rtexit$$00000000) for __rt_exit
    libinit.o(.ARM.Collect$$libinit$$00000000) refers (Special) to libinit2.o(.ARM.Collect$$libinit$$0000002E) for __rt_lib_init_alloca_1
    libinit.o(.ARM.Collect$$libinit$$00000000) refers (Special) to libinit2.o(.ARM.Collect$$libinit$$0000002C) for __rt_lib_init_argv_1
    libinit.o(.ARM.Collect$$libinit$$00000000) refers (Special) to libinit2.o(.ARM.Collect$$libinit$$0000001B) for __rt_lib_init_atexit_1
    libinit.o(.ARM.Collect$$libinit$$00000000) refers (Special) to libinit2.o(.ARM.Collect$$libinit$$00000021) for __rt_lib_init_clock_1
    libinit.o(.ARM.Collect$$libinit$$00000000) refers (Special) to libinit2.o(.ARM.Collect$$libinit$$00000032) for __rt_lib_init_cpp_1
    libinit.o(.ARM.Collect$$libinit$$00000000) refers (Special) to libinit2.o(.ARM.Collect$$libinit$$00000030) for __rt_lib_init_exceptions_1
    libinit.o(.ARM.Collect$$libinit$$00000000) refers (Special) to libinit2.o(.ARM.Collect$$libinit$$00000002) for __rt_lib_init_fp_1
    libinit.o(.ARM.Collect$$libinit$$00000000) refers (Special) to libinit2.o(.ARM.Collect$$libinit$$0000001F) for __rt_lib_init_fp_trap_1
    libinit.o(.ARM.Collect$$libinit$$00000000) refers (Special) to libinit2.o(.ARM.Collect$$libinit$$00000023) for __rt_lib_init_getenv_1
    libinit.o(.ARM.Collect$$libinit$$00000000) refers (Special) to libinit2.o(.ARM.Collect$$libinit$$0000000A) for __rt_lib_init_heap_1
    libinit.o(.ARM.Collect$$libinit$$00000000) refers (Special) to libinit2.o(.ARM.Collect$$libinit$$00000011) for __rt_lib_init_lc_collate_1
    libinit.o(.ARM.Collect$$libinit$$00000000) refers (Special) to libinit2.o(.ARM.Collect$$libinit$$00000013) for __rt_lib_init_lc_ctype_1
    libinit.o(.ARM.Collect$$libinit$$00000000) refers (Special) to libinit2.o(.ARM.Collect$$libinit$$00000015) for __rt_lib_init_lc_monetary_1
    libinit.o(.ARM.Collect$$libinit$$00000000) refers (Special) to libinit2.o(.ARM.Collect$$libinit$$00000017) for __rt_lib_init_lc_numeric_1
    libinit.o(.ARM.Collect$$libinit$$00000000) refers (Special) to libinit2.o(.ARM.Collect$$libinit$$00000019) for __rt_lib_init_lc_time_1
    libinit.o(.ARM.Collect$$libinit$$00000000) refers (Special) to libinit2.o(.ARM.Collect$$libinit$$00000004) for __rt_lib_init_preinit_1
    libinit.o(.ARM.Collect$$libinit$$00000000) refers (Special) to libinit2.o(.ARM.Collect$$libinit$$0000000E) for __rt_lib_init_rand_1
    libinit.o(.ARM.Collect$$libinit$$00000000) refers (Special) to libinit2.o(.ARM.Collect$$libinit$$00000033) for __rt_lib_init_return
    libinit.o(.ARM.Collect$$libinit$$00000000) refers (Special) to libinit2.o(.ARM.Collect$$libinit$$0000001D) for __rt_lib_init_signal_1
    libinit.o(.ARM.Collect$$libinit$$00000000) refers (Special) to libinit2.o(.ARM.Collect$$libinit$$00000025) for __rt_lib_init_stdio_1
    libinit.o(.ARM.Collect$$libinit$$00000000) refers (Special) to libinit2.o(.ARM.Collect$$libinit$$0000000C) for __rt_lib_init_user_alloc_1
    libspace.o(.text) refers to libspace.o(.bss) for __libspace_start
    rtexit.o(.ARM.Collect$$rtexit$$00000000) refers (Special) to rtexit2.o(.ARM.Collect$$rtexit$$00000004) for __rt_exit_exit
    rtexit.o(.ARM.Collect$$rtexit$$00000000) refers (Special) to rtexit2.o(.ARM.Collect$$rtexit$$00000003) for __rt_exit_ls
    rtexit.o(.ARM.Collect$$rtexit$$00000000) refers (Special) to rtexit2.o(.ARM.Collect$$rtexit$$00000002) for __rt_exit_prels_1
    rtexit.o(.ARM.exidx) refers (Special) to rtexit2.o(.ARM.Collect$$rtexit$$00000004) for __rt_exit_exit
    rtexit.o(.ARM.exidx) refers (Special) to rtexit2.o(.ARM.Collect$$rtexit$$00000003) for __rt_exit_ls
    rtexit.o(.ARM.exidx) refers (Special) to rtexit2.o(.ARM.Collect$$rtexit$$00000002) for __rt_exit_prels_1
    rtexit.o(.ARM.exidx) refers to rtexit.o(.ARM.Collect$$rtexit$$00000000) for .ARM.Collect$$rtexit$$00000000
    libinit2.o(.ARM.Collect$$libinit$$00000010) refers to libinit2.o(.ARM.Collect$$libinit$$0000000F) for .ARM.Collect$$libinit$$0000000F
    libinit2.o(.ARM.Collect$$libinit$$00000012) refers to libinit2.o(.ARM.Collect$$libinit$$0000000F) for .ARM.Collect$$libinit$$0000000F
    libinit2.o(.ARM.Collect$$libinit$$00000014) refers to libinit2.o(.ARM.Collect$$libinit$$0000000F) for .ARM.Collect$$libinit$$0000000F
    libinit2.o(.ARM.Collect$$libinit$$00000016) refers to libinit2.o(.ARM.Collect$$libinit$$0000000F) for .ARM.Collect$$libinit$$0000000F
    libinit2.o(.ARM.Collect$$libinit$$00000018) refers to libinit2.o(.ARM.Collect$$libinit$$0000000F) for .ARM.Collect$$libinit$$0000000F
    libinit2.o(.ARM.Collect$$libinit$$00000026) refers to argv_veneer.o(.emb_text) for __ARM_argv_veneer
    libinit2.o(.ARM.Collect$$libinit$$00000027) refers to argv_veneer.o(.emb_text) for __ARM_argv_veneer
    rtexit2.o(.ARM.Collect$$rtexit$$00000003) refers to libshutdown.o(.ARM.Collect$$libshutdown$$00000000) for __rt_lib_shutdown
    rtexit2.o(.ARM.Collect$$rtexit$$00000004) refers to sys_exit.o(.text) for _sys_exit
    rtexit2.o(.ARM.exidx) refers to rtexit2.o(.ARM.Collect$$rtexit$$00000001) for .ARM.Collect$$rtexit$$00000001
    rtexit2.o(.ARM.exidx) refers to rtexit2.o(.ARM.Collect$$rtexit$$00000003) for .ARM.Collect$$rtexit$$00000003
    rtexit2.o(.ARM.exidx) refers to rtexit2.o(.ARM.Collect$$rtexit$$00000004) for .ARM.Collect$$rtexit$$00000004
    argv_veneer.o(.emb_text) refers to no_argv.o(.text) for __ARM_get_argv
    sys_exit.o(.text) refers (Special) to use_no_semi.o(.text) for __I$use$semihosting
    sys_exit.o(.text) refers (Special) to indicate_semi.o(.text) for __semihosting_library_function
    _get_argv_nomalloc.o(.text) refers (Special) to hrguard.o(.text) for __heap_region$guard
    _get_argv_nomalloc.o(.text) refers to defsig_rtmem_outer.o(.text) for __rt_SIGRTMEM
    _get_argv_nomalloc.o(.text) refers to sys_command.o(.text) for _sys_command_string
    libshutdown.o(.ARM.Collect$$libshutdown$$00000000) refers (Special) to libshutdown2.o(.ARM.Collect$$libshutdown$$00000004) for __rt_lib_shutdown_cpp_1
    libshutdown.o(.ARM.Collect$$libshutdown$$00000000) refers (Special) to libshutdown2.o(.ARM.Collect$$libshutdown$$00000002) for __rt_lib_shutdown_fini_1
    libshutdown.o(.ARM.Collect$$libshutdown$$00000000) refers (Special) to libshutdown2.o(.ARM.Collect$$libshutdown$$00000009) for __rt_lib_shutdown_fp_trap_1
    libshutdown.o(.ARM.Collect$$libshutdown$$00000000) refers (Special) to libshutdown2.o(.ARM.Collect$$libshutdown$$00000011) for __rt_lib_shutdown_heap_1
    libshutdown.o(.ARM.Collect$$libshutdown$$00000000) refers (Special) to libshutdown2.o(.ARM.Collect$$libshutdown$$00000012) for __rt_lib_shutdown_return
    libshutdown.o(.ARM.Collect$$libshutdown$$00000000) refers (Special) to libshutdown2.o(.ARM.Collect$$libshutdown$$0000000C) for __rt_lib_shutdown_signal_1
    libshutdown.o(.ARM.Collect$$libshutdown$$00000000) refers (Special) to libshutdown2.o(.ARM.Collect$$libshutdown$$00000006) for __rt_lib_shutdown_stdio_1
    libshutdown.o(.ARM.Collect$$libshutdown$$00000000) refers (Special) to libshutdown2.o(.ARM.Collect$$libshutdown$$0000000E) for __rt_lib_shutdown_user_alloc_1
    sys_command.o(.text) refers (Special) to use_no_semi.o(.text) for __I$use$semihosting
    sys_command.o(.text) refers (Special) to indicate_semi.o(.text) for __semihosting_library_function
    defsig_rtmem_outer.o(.text) refers to defsig_rtmem_inner.o(.text) for __rt_SIGRTMEM_inner
    defsig_rtmem_outer.o(.text) refers to defsig_exit.o(.text) for __sig_exit
    defsig_rtmem_formal.o(.text) refers to rt_raise.o(.text) for __rt_raise
    rt_raise.o(.text) refers to __raise.o(.text) for __raise
    rt_raise.o(.text) refers to sys_exit.o(.text) for _sys_exit
    defsig_exit.o(.text) refers to sys_exit.o(.text) for _sys_exit
    defsig_rtmem_inner.o(.text) refers to defsig_general.o(.text) for __default_signal_display
    __raise.o(.text) refers to defsig.o(CL$$defsig) for __default_signal_handler
    defsig_general.o(.text) refers to sys_wrch.o(.text) for _ttywrch
    sys_wrch.o(.text) refers (Special) to use_no_semi.o(.text) for __I$use$semihosting
    sys_wrch.o(.text) refers (Special) to indicate_semi.o(.text) for __semihosting_library_function
    defsig.o(CL$$defsig) refers to defsig_rtmem_inner.o(.text) for __rt_SIGRTMEM_inner
    defsig_abrt_inner.o(.text) refers to defsig_general.o(.text) for __default_signal_display
    defsig_fpe_inner.o(.text) refers to defsig_general.o(.text) for __default_signal_display
    defsig_rtred_inner.o(.text) refers to defsig_general.o(.text) for __default_signal_display
    defsig_stak_inner.o(.text) refers to defsig_general.o(.text) for __default_signal_display
    defsig_pvfn_inner.o(.text) refers to defsig_general.o(.text) for __default_signal_display
    defsig_cppl_inner.o(.text) refers to defsig_general.o(.text) for __default_signal_display
    defsig_segv_inner.o(.text) refers to defsig_general.o(.text) for __default_signal_display
    defsig_other.o(.text) refers to defsig_general.o(.text) for __default_signal_display


==============================================================================

Removing Unused input sections from the image.

    Removing sample.o(.rev16_text), (4 bytes).
    Removing sample.o(.revsh_text), (4 bytes).
    Removing sample.o(.rrx_text), (6 bytes).
    Removing core_cm3.o(.emb_text), (32 bytes).
    Removing system_lpc17xx.o(.rev16_text), (4 bytes).
    Removing system_lpc17xx.o(.revsh_text), (4 bytes).
    Removing system_lpc17xx.o(.rrx_text), (6 bytes).
    Removing irq_timer.o(.rev16_text), (4 bytes).
    Removing irq_timer.o(.revsh_text), (4 bytes).
    Removing irq_timer.o(.rrx_text), (6 bytes).
    Removing lib_timer.o(.rev16_text), (4 bytes).
    Removing lib_timer.o(.revsh_text), (4 bytes).
    Removing lib_timer.o(.rrx_text), (6 bytes).
    Removing glcd.o(.rev16_text), (4 bytes).
    Removing glcd.o(.revsh_text), (4 bytes).
    Removing glcd.o(.rrx_text), (6 bytes).
    Removing touchpanel.o(.rev16_text), (4 bytes).
    Removing touchpanel.o(.revsh_text), (4 bytes).
    Removing touchpanel.o(.rrx_text), (6 bytes).
    Removing irq_button.o(.rev16_text), (4 bytes).
    Removing irq_button.o(.revsh_text), (4 bytes).
    Removing irq_button.o(.rrx_text), (6 bytes).
    Removing lib_button.o(.rev16_text), (4 bytes).
    Removing lib_button.o(.revsh_text), (4 bytes).
    Removing lib_button.o(.rrx_text), (6 bytes).
    Removing funct_joystick.o(.rev16_text), (4 bytes).
    Removing funct_joystick.o(.revsh_text), (4 bytes).
    Removing funct_joystick.o(.rrx_text), (6 bytes).
    Removing lib_joystick.o(.rev16_text), (4 bytes).
    Removing lib_joystick.o(.revsh_text), (4 bytes).
    Removing lib_joystick.o(.rrx_text), (6 bytes).
    Removing irq_rit.o(.rev16_text), (4 bytes).
    Removing irq_rit.o(.revsh_text), (4 bytes).
    Removing irq_rit.o(.rrx_text), (6 bytes).
    Removing lib_rit.o(.rev16_text), (4 bytes).
    Removing lib_rit.o(.revsh_text), (4 bytes).
    Removing lib_rit.o(.rrx_text), (6 bytes).
    Removing wall_moves.o(.rev16_text), (4 bytes).
    Removing wall_moves.o(.revsh_text), (4 bytes).
    Removing wall_moves.o(.rrx_text), (6 bytes).
    Removing moves.o(.rev16_text), (4 bytes).
    Removing moves.o(.revsh_text), (4 bytes).
    Removing moves.o(.rrx_text), (6 bytes).
    Removing game_mode.o(.rev16_text), (4 bytes).
    Removing game_mode.o(.revsh_text), (4 bytes).
    Removing game_mode.o(.rrx_text), (6 bytes).
    Removing irq_can.o(.rev16_text), (4 bytes).
    Removing irq_can.o(.revsh_text), (4 bytes).
    Removing irq_can.o(.rrx_text), (6 bytes).
    Removing irq_can.o(.data), (2 bytes).
    Removing irq_can.o(.data), (2 bytes).
    Removing lib_can.o(.rev16_text), (4 bytes).
    Removing lib_can.o(.revsh_text), (4 bytes).
    Removing lib_can.o(.rrx_text), (6 bytes).

54 unused section(s) (total 274 bytes) removed from the image.

==============================================================================

Image Symbol Table

    Local Symbols

    Symbol Name                              Value     Ov Type        Size  Object(Section)

    RESET                                    0x00000000   Section      204  startup_lpc17xx.o(RESET)
    ../clib/angel/boardlib.s                 0x00000000   Number         0  boardinit3.o ABSOLUTE
    ../clib/angel/boardlib.s                 0x00000000   Number         0  boardinit1.o ABSOLUTE
    ../clib/angel/boardlib.s                 0x00000000   Number         0  boardinit2.o ABSOLUTE
    ../clib/angel/boardlib.s                 0x00000000   Number         0  boardshut.o ABSOLUTE
    ../clib/angel/handlers.s                 0x00000000   Number         0  __scatter_copy.o ABSOLUTE
    ../clib/angel/handlers.s                 0x00000000   Number         0  __scatter_zi.o ABSOLUTE
    ../clib/angel/kernel.s                   0x00000000   Number         0  rtexit2.o ABSOLUTE
    ../clib/angel/kernel.s                   0x00000000   Number         0  __rtentry4.o ABSOLUTE
    ../clib/angel/kernel.s                   0x00000000   Number         0  __rtentry.o ABSOLUTE
    ../clib/angel/kernel.s                   0x00000000   Number         0  __rtentry2.o ABSOLUTE
    ../clib/angel/kernel.s                   0x00000000   Number         0  rtexit.o ABSOLUTE
    ../clib/angel/rt.s                       0x00000000   Number         0  rt_raise.o ABSOLUTE
    ../clib/angel/scatter.s                  0x00000000   Number         0  __scatter.o ABSOLUTE
    ../clib/angel/startup.s                  0x00000000   Number         0  __main.o ABSOLUTE
    ../clib/angel/sys.s                      0x00000000   Number         0  libspace.o ABSOLUTE
    ../clib/angel/sys.s                      0x00000000   Number         0  indicate_semi.o ABSOLUTE
    ../clib/angel/sys.s                      0x00000000   Number         0  use_no_semi.o ABSOLUTE
    ../clib/angel/sys.s                      0x00000000   Number         0  sys_stackheap_outer.o ABSOLUTE
    ../clib/angel/sysapp.c                   0x00000000   Number         0  sys_command.o ABSOLUTE
    ../clib/angel/sysapp.c                   0x00000000   Number         0  sys_wrch.o ABSOLUTE
    ../clib/angel/sysapp.c                   0x00000000   Number         0  sys_exit.o ABSOLUTE
    ../clib/armsys.c                         0x00000000   Number         0  _get_argv_nomalloc.o ABSOLUTE
    ../clib/armsys.c                         0x00000000   Number         0  no_argv.o ABSOLUTE
    ../clib/armsys.c                         0x00000000   Number         0  argv_veneer.o ABSOLUTE
    ../clib/armsys.c                         0x00000000   Number         0  argv_veneer.o ABSOLUTE
    ../clib/heapalloc.c                      0x00000000   Number         0  hrguard.o ABSOLUTE
    ../clib/heapaux.c                        0x00000000   Number         0  heapauxi.o ABSOLUTE
    ../clib/libinit.s                        0x00000000   Number         0  libshutdown2.o ABSOLUTE
    ../clib/libinit.s                        0x00000000   Number         0  libinit.o ABSOLUTE
    ../clib/libinit.s                        0x00000000   Number         0  libshutdown.o ABSOLUTE
    ../clib/libinit.s                        0x00000000   Number         0  libinit2.o ABSOLUTE
    ../clib/memcpset.s                       0x00000000   Number         0  rt_memcpy_w.o ABSOLUTE
    ../clib/memcpset.s                       0x00000000   Number         0  rt_memcpy_v6.o ABSOLUTE
    ../clib/misc.s                           0x00000000   Number         0  printf_stubs.o ABSOLUTE
    ../clib/printf.c                         0x00000000   Number         0  __printf_ss.o ABSOLUTE
    ../clib/printf.c                         0x00000000   Number         0  __printf_flags_ss.o ABSOLUTE
    ../clib/printf.c                         0x00000000   Number         0  __printf_wp.o ABSOLUTE
    ../clib/printf.c                         0x00000000   Number         0  __printf_flags_wp.o ABSOLUTE
    ../clib/printf.c                         0x00000000   Number         0  __printf_flags_ss_wp.o ABSOLUTE
    ../clib/printf.c                         0x00000000   Number         0  __printf_ss_wp.o ABSOLUTE
    ../clib/printf.c                         0x00000000   Number         0  _printf_char_common.o ABSOLUTE
    ../clib/printf.c                         0x00000000   Number         0  __printf_nopercent.o ABSOLUTE
    ../clib/printf.c                         0x00000000   Number         0  _sputc.o ABSOLUTE
    ../clib/printf.c                         0x00000000   Number         0  _printf_intcommon.o ABSOLUTE
    ../clib/printf.c                         0x00000000   Number         0  _printf_dec.o ABSOLUTE
    ../clib/printf.c                         0x00000000   Number         0  __2sprintf.o ABSOLUTE
    ../clib/printf.c                         0x00000000   Number         0  noretval__2sprintf.o ABSOLUTE
    ../clib/printf.c                         0x00000000   Number         0  __printf_flags.o ABSOLUTE
    ../clib/printf.c                         0x00000000   Number         0  __printf.o ABSOLUTE
    ../clib/printf.c                         0x00000000   Number         0  _printf_pad.o ABSOLUTE
    ../clib/printf_percent.s                 0x00000000   Number         0  _printf_d.o ABSOLUTE
    ../clib/printf_percent.s                 0x00000000   Number         0  _printf_percent.o ABSOLUTE
    ../clib/printf_percent.s                 0x00000000   Number         0  _printf_percent_end.o ABSOLUTE
    ../clib/signal.c                         0x00000000   Number         0  defsig_segv_inner.o ABSOLUTE
    ../clib/signal.c                         0x00000000   Number         0  defsig_stak_inner.o ABSOLUTE
    ../clib/signal.c                         0x00000000   Number         0  defsig_pvfn_inner.o ABSOLUTE
    ../clib/signal.c                         0x00000000   Number         0  defsig_cppl_inner.o ABSOLUTE
    ../clib/signal.c                         0x00000000   Number         0  defsig_rtmem_outer.o ABSOLUTE
    ../clib/signal.c                         0x00000000   Number         0  defsig_other.o ABSOLUTE
    ../clib/signal.c                         0x00000000   Number         0  defsig_rtmem_formal.o ABSOLUTE
    ../clib/signal.c                         0x00000000   Number         0  defsig_general.o ABSOLUTE
    ../clib/signal.c                         0x00000000   Number         0  defsig_abrt_inner.o ABSOLUTE
    ../clib/signal.c                         0x00000000   Number         0  __raise.o ABSOLUTE
    ../clib/signal.c                         0x00000000   Number         0  defsig_rtmem_inner.o ABSOLUTE
    ../clib/signal.c                         0x00000000   Number         0  defsig_fpe_inner.o ABSOLUTE
    ../clib/signal.c                         0x00000000   Number         0  defsig_rtred_inner.o ABSOLUTE
    ../clib/signal.c                         0x00000000   Number         0  defsig_exit.o ABSOLUTE
    ../clib/signal.s                         0x00000000   Number         0  defsig.o ABSOLUTE
    ../clib/stdlib.c                         0x00000000   Number         0  exit.o ABSOLUTE
    ../fplib/fpinit.s                        0x00000000   Number         0  fpinit.o ABSOLUTE
    CAN\IRQ_CAN.c                            0x00000000   Number         0  irq_can.o ABSOLUTE
    CAN\\IRQ_CAN.c                           0x00000000   Number         0  irq_can.o ABSOLUTE
    CAN\\lib_CAN.c                           0x00000000   Number         0  lib_can.o ABSOLUTE
    CAN\lib_CAN.c                            0x00000000   Number         0  lib_can.o ABSOLUTE
    GLCD\AsciiLib.c                          0x00000000   Number         0  asciilib.o ABSOLUTE
    GLCD\GLCD.c                              0x00000000   Number         0  glcd.o ABSOLUTE
    GLCD\\GLCD.c                             0x00000000   Number         0  glcd.o ABSOLUTE
    Game_mode.c                              0x00000000   Number         0  game_mode.o ABSOLUTE
    Game_mode.c                              0x00000000   Number         0  game_mode.o ABSOLUTE
    Moves.c                                  0x00000000   Number         0  moves.o ABSOLUTE
    Moves.c                                  0x00000000   Number         0  moves.o ABSOLUTE
    RIT\IRQ_RIT.c                            0x00000000   Number         0  irq_rit.o ABSOLUTE
    RIT\\IRQ_RIT.c                           0x00000000   Number         0  irq_rit.o ABSOLUTE
    RIT\\lib_RIT.c                           0x00000000   Number         0  lib_rit.o ABSOLUTE
    RIT\lib_RIT.c                            0x00000000   Number         0  lib_rit.o ABSOLUTE
    TouchPanel\TouchPanel.c                  0x00000000   Number         0  touchpanel.o ABSOLUTE
    TouchPanel\\TouchPanel.c                 0x00000000   Number         0  touchpanel.o ABSOLUTE
    Wall_moves.c                             0x00000000   Number         0  wall_moves.o ABSOLUTE
    Wall_moves.c                             0x00000000   Number         0  wall_moves.o ABSOLUTE
    button_EXINT\IRQ_button.c                0x00000000   Number         0  irq_button.o ABSOLUTE
    button_EXINT\\IRQ_button.c               0x00000000   Number         0  irq_button.o ABSOLUTE
    button_EXINT\\lib_button.c               0x00000000   Number         0  lib_button.o ABSOLUTE
    button_EXINT\lib_button.c                0x00000000   Number         0  lib_button.o ABSOLUTE
    core_cm3.c                               0x00000000   Number         0  core_cm3.o ABSOLUTE
    core_cm3.c                               0x00000000   Number         0  core_cm3.o ABSOLUTE
    dc.s                                     0x00000000   Number         0  dc.o ABSOLUTE
    joystick\\funct_joystick.c               0x00000000   Number         0  funct_joystick.o ABSOLUTE
    joystick\\lib_joystick.c                 0x00000000   Number         0  lib_joystick.o ABSOLUTE
    joystick\funct_joystick.c                0x00000000   Number         0  funct_joystick.o ABSOLUTE
    joystick\lib_joystick.c                  0x00000000   Number         0  lib_joystick.o ABSOLUTE
    sample.c                                 0x00000000   Number         0  sample.o ABSOLUTE
    sample.c                                 0x00000000   Number         0  sample.o ABSOLUTE
    startup_LPC17xx.s                        0x00000000   Number         0  startup_lpc17xx.o ABSOLUTE
    system_LPC17xx.c                         0x00000000   Number         0  system_lpc17xx.o ABSOLUTE
    system_LPC17xx.c                         0x00000000   Number         0  system_lpc17xx.o ABSOLUTE
    timer\IRQ_timer.c                        0x00000000   Number         0  irq_timer.o ABSOLUTE
    timer\\IRQ_timer.c                       0x00000000   Number         0  irq_timer.o ABSOLUTE
    timer\\lib_timer.c                       0x00000000   Number         0  lib_timer.o ABSOLUTE
    timer\lib_timer.c                        0x00000000   Number         0  lib_timer.o ABSOLUTE
    !!!main                                  0x000000cc   Section        8  __main.o(!!!main)
    !!!scatter                               0x000000d4   Section       52  __scatter.o(!!!scatter)
    !!handler_copy                           0x00000108   Section       26  __scatter_copy.o(!!handler_copy)
    !!handler_zi                             0x00000124   Section       28  __scatter_zi.o(!!handler_zi)
    .ARM.Collect$$_printf_percent$$00000000  0x00000140   Section        0  _printf_percent.o(.ARM.Collect$$_printf_percent$$00000000)
    .ARM.Collect$$_printf_percent$$00000009  0x00000140   Section        6  _printf_d.o(.ARM.Collect$$_printf_percent$$00000009)
    .ARM.Collect$$_printf_percent$$00000017  0x00000146   Section        4  _printf_percent_end.o(.ARM.Collect$$_printf_percent$$00000017)
    .ARM.Collect$$libinit$$00000000          0x0000014a   Section        2  libinit.o(.ARM.Collect$$libinit$$00000000)
    .ARM.Collect$$libinit$$00000002          0x0000014c   Section        0  libinit2.o(.ARM.Collect$$libinit$$00000002)
    .ARM.Collect$$libinit$$00000004          0x0000014c   Section        0  libinit2.o(.ARM.Collect$$libinit$$00000004)
    .ARM.Collect$$libinit$$0000000A          0x0000014c   Section        0  libinit2.o(.ARM.Collect$$libinit$$0000000A)
    .ARM.Collect$$libinit$$0000000C          0x0000014c   Section        0  libinit2.o(.ARM.Collect$$libinit$$0000000C)
    .ARM.Collect$$libinit$$0000000E          0x0000014c   Section        0  libinit2.o(.ARM.Collect$$libinit$$0000000E)
    .ARM.Collect$$libinit$$00000011          0x0000014c   Section        0  libinit2.o(.ARM.Collect$$libinit$$00000011)
    .ARM.Collect$$libinit$$00000013          0x0000014c   Section        0  libinit2.o(.ARM.Collect$$libinit$$00000013)
    .ARM.Collect$$libinit$$00000015          0x0000014c   Section        0  libinit2.o(.ARM.Collect$$libinit$$00000015)
    .ARM.Collect$$libinit$$00000017          0x0000014c   Section        0  libinit2.o(.ARM.Collect$$libinit$$00000017)
    .ARM.Collect$$libinit$$00000019          0x0000014c   Section        0  libinit2.o(.ARM.Collect$$libinit$$00000019)
    .ARM.Collect$$libinit$$0000001B          0x0000014c   Section        0  libinit2.o(.ARM.Collect$$libinit$$0000001B)
    .ARM.Collect$$libinit$$0000001D          0x0000014c   Section        0  libinit2.o(.ARM.Collect$$libinit$$0000001D)
    .ARM.Collect$$libinit$$0000001F          0x0000014c   Section        0  libinit2.o(.ARM.Collect$$libinit$$0000001F)
    .ARM.Collect$$libinit$$00000021          0x0000014c   Section        0  libinit2.o(.ARM.Collect$$libinit$$00000021)
    .ARM.Collect$$libinit$$00000023          0x0000014c   Section        0  libinit2.o(.ARM.Collect$$libinit$$00000023)
    .ARM.Collect$$libinit$$00000025          0x0000014c   Section        0  libinit2.o(.ARM.Collect$$libinit$$00000025)
    .ARM.Collect$$libinit$$0000002C          0x0000014c   Section        0  libinit2.o(.ARM.Collect$$libinit$$0000002C)
    .ARM.Collect$$libinit$$0000002E          0x0000014c   Section        0  libinit2.o(.ARM.Collect$$libinit$$0000002E)
    .ARM.Collect$$libinit$$00000030          0x0000014c   Section        0  libinit2.o(.ARM.Collect$$libinit$$00000030)
    .ARM.Collect$$libinit$$00000032          0x0000014c   Section        0  libinit2.o(.ARM.Collect$$libinit$$00000032)
    .ARM.Collect$$libinit$$00000033          0x0000014c   Section        2  libinit2.o(.ARM.Collect$$libinit$$00000033)
    .ARM.Collect$$libshutdown$$00000000      0x0000014e   Section        2  libshutdown.o(.ARM.Collect$$libshutdown$$00000000)
    .ARM.Collect$$libshutdown$$00000002      0x00000150   Section        0  libshutdown2.o(.ARM.Collect$$libshutdown$$00000002)
    .ARM.Collect$$libshutdown$$00000004      0x00000150   Section        0  libshutdown2.o(.ARM.Collect$$libshutdown$$00000004)
    .ARM.Collect$$libshutdown$$00000006      0x00000150   Section        0  libshutdown2.o(.ARM.Collect$$libshutdown$$00000006)
    .ARM.Collect$$libshutdown$$00000009      0x00000150   Section        0  libshutdown2.o(.ARM.Collect$$libshutdown$$00000009)
    .ARM.Collect$$libshutdown$$0000000C      0x00000150   Section        0  libshutdown2.o(.ARM.Collect$$libshutdown$$0000000C)
    .ARM.Collect$$libshutdown$$0000000E      0x00000150   Section        0  libshutdown2.o(.ARM.Collect$$libshutdown$$0000000E)
    .ARM.Collect$$libshutdown$$00000011      0x00000150   Section        0  libshutdown2.o(.ARM.Collect$$libshutdown$$00000011)
    .ARM.Collect$$libshutdown$$00000012      0x00000150   Section        2  libshutdown2.o(.ARM.Collect$$libshutdown$$00000012)
    .ARM.Collect$$rtentry$$00000000          0x00000152   Section        0  __rtentry.o(.ARM.Collect$$rtentry$$00000000)
    .ARM.Collect$$rtentry$$00000002          0x00000152   Section        0  __rtentry2.o(.ARM.Collect$$rtentry$$00000002)
    .ARM.Collect$$rtentry$$00000004          0x00000152   Section        6  __rtentry4.o(.ARM.Collect$$rtentry$$00000004)
    .ARM.Collect$$rtentry$$00000009          0x00000158   Section        0  __rtentry2.o(.ARM.Collect$$rtentry$$00000009)
    .ARM.Collect$$rtentry$$0000000A          0x00000158   Section        4  __rtentry2.o(.ARM.Collect$$rtentry$$0000000A)
    .ARM.Collect$$rtentry$$0000000C          0x0000015c   Section        0  __rtentry2.o(.ARM.Collect$$rtentry$$0000000C)
    .ARM.Collect$$rtentry$$0000000D          0x0000015c   Section        8  __rtentry2.o(.ARM.Collect$$rtentry$$0000000D)
    .ARM.Collect$$rtexit$$00000000           0x00000164   Section        2  rtexit.o(.ARM.Collect$$rtexit$$00000000)
    .ARM.Collect$$rtexit$$00000002           0x00000166   Section        0  rtexit2.o(.ARM.Collect$$rtexit$$00000002)
    .ARM.Collect$$rtexit$$00000003           0x00000166   Section        4  rtexit2.o(.ARM.Collect$$rtexit$$00000003)
    .ARM.Collect$$rtexit$$00000004           0x0000016a   Section        6  rtexit2.o(.ARM.Collect$$rtexit$$00000004)
    .text                                    0x00000170   Section       52  startup_lpc17xx.o(.text)
    .text                                    0x000001a4   Section        0  sample.o(.text)
    __NVIC_DisableIRQ                        0x000001fd   Thumb Code    34  sample.o(.text)
    .text                                    0x00000230   Section        0  asciilib.o(.text)
    .text                                    0x00000244   Section        0  irq_button.o(.text)
    __NVIC_DisableIRQ                        0x000002b1   Thumb Code    34  irq_button.o(.text)
    .text                                    0x000002e8   Section        0  heapauxi.o(.text)
    .text                                    0x000002ee   Section        0  _sputc.o(.text)
    .text                                    0x000002f8   Section        2  use_no_semi.o(.text)
    .text                                    0x000002fa   Section        0  indicate_semi.o(.text)
    .ARM.__at_0x02FC                         0x000002fc   Section        4  startup_lpc17xx.o(.ARM.__at_0x02FC)
    .text                                    0x00000300   Section        0  system_lpc17xx.o(.text)
    .text                                    0x000004ac   Section        0  irq_timer.o(.text)
    .text                                    0x0000087c   Section        0  lib_timer.o(.text)
    __NVIC_EnableIRQ                         0x00000973   Thumb Code    26  lib_timer.o(.text)
    .text                                    0x00000998   Section        0  glcd.o(.text)
    LCD_Configuration                        0x00000999   Thumb Code    18  glcd.o(.text)
    wait_delay                               0x000009ab   Thumb Code     8  glcd.o(.text)
    LCD_SetCursor                            0x000009b3   Thumb Code  1082  glcd.o(.text)
    delay_ms                                 0x00000ded   Thumb Code    28  glcd.o(.text)
    .text                                    0x00002e1c   Section        0  touchpanel.o(.text)
    .text                                    0x00003a34   Section        0  lib_button.o(.text)
    __NVIC_EnableIRQ                         0x00003c43   Thumb Code    26  lib_button.o(.text)
    __NVIC_SetPriority                       0x00003c5d   Thumb Code    32  lib_button.o(.text)
    .text                                    0x00003cb0   Section        0  funct_joystick.o(.text)
    .text                                    0x00004910   Section        0  lib_joystick.o(.text)
    .text                                    0x00004970   Section        0  irq_rit.o(.text)
    __NVIC_EnableIRQ                         0x00004d0b   Thumb Code    26  irq_rit.o(.text)
    .text                                    0x00004d40   Section        0  lib_rit.o(.text)
    .text                                    0x00004dac   Section        0  wall_moves.o(.text)
    .text                                    0x00005588   Section        0  moves.o(.text)
    .text                                    0x000067f0   Section        0  game_mode.o(.text)
    __NVIC_EnableIRQ                         0x0000704b   Thumb Code    26  game_mode.o(.text)
    .text                                    0x000070c4   Section        0  irq_can.o(.text)
    .text                                    0x000074bc   Section        0  lib_can.o(.text)
    CAN_cfgBaudrate                          0x000074bd   Thumb Code    44  lib_can.o(.text)
    __NVIC_EnableIRQ                         0x000077b3   Thumb Code    26  lib_can.o(.text)
    .text                                    0x000077f4   Section        0  noretval__2sprintf.o(.text)
    .text                                    0x0000781c   Section        0  _printf_pad.o(.text)
    .text                                    0x0000786c   Section        0  _printf_dec.o(.text)
    .text                                    0x000078e4   Section        0  __printf_flags_wp.o(.text)
    .text                                    0x00007a1c   Section      138  rt_memcpy_v6.o(.text)
    .text                                    0x00007aa6   Section        0  _printf_intcommon.o(.text)
    .text                                    0x00007b58   Section        0  _printf_char_common.o(.text)
    _printf_input_char                       0x00007b59   Thumb Code    10  _printf_char_common.o(.text)
    .text                                    0x00007b88   Section      100  rt_memcpy_w.o(.text)
    .text                                    0x00007bec   Section       74  sys_stackheap_outer.o(.text)
    .text                                    0x00007c36   Section        0  exit.o(.text)
    .text                                    0x00007c48   Section        8  libspace.o(.text)
    .text                                    0x00007c50   Section        0  sys_exit.o(.text)
    i._is_digit                              0x00007c5c   Section        0  __printf_wp.o(i._is_digit)
    .constdata                               0x00007c6a   Section     1520  asciilib.o(.constdata)
    AsciiLib                                 0x00007c6a   Data        1520  asciilib.o(.constdata)
    .constdata                               0x0000825c   Section       68  lib_can.o(.constdata)
    .constdata                               0x000082a0   Section       17  __printf_flags_wp.o(.constdata)
    maptable                                 0x000082a0   Data          17  __printf_flags_wp.o(.constdata)
    STACK                                    0x10000000   Section    24576  startup_lpc17xx.o(STACK)
    Stack_Mem                                0x10000000   Data       24576  startup_lpc17xx.o(STACK)
    __initial_sp                             0x10006000   Data           0  startup_lpc17xx.o(STACK)
    .data                                    0x2007c000   Section        4  sample.o(.data)
    .data                                    0x2007c004   Section        8  system_lpc17xx.o(.data)
    .data                                    0x2007c00c   Section       21  irq_timer.o(.data)
    .data                                    0x2007c021   Section        1  glcd.o(.data)
    LCD_Code                                 0x2007c021   Data           1  glcd.o(.data)
    .data                                    0x2007c024   Section       28  irq_rit.o(.data)
    joy                                      0x2007c03c   Data           4  irq_rit.o(.data)
    .data                                    0x2007c040   Section        5  irq_rit.o(.data)
    .data                                    0x2007c045   Section        5  irq_rit.o(.data)
    .data                                    0x2007c04c   Section        4  irq_rit.o(.data)
    .data                                    0x2007c050   Section        4  irq_rit.o(.data)
    .data                                    0x2007c054   Section        4  irq_rit.o(.data)
    .data                                    0x2007c058   Section        4  irq_rit.o(.data)
    .data                                    0x2007c05c   Section        4  irq_rit.o(.data)
    .data                                    0x2007c060   Section        4  irq_rit.o(.data)
    .data                                    0x2007c064   Section        4  irq_rit.o(.data)
    .data                                    0x2007c068   Section       40  moves.o(.data)
    .data                                    0x2007c090   Section       16  game_mode.o(.data)
    .data                                    0x2007c0a0   Section        1  lib_can.o(.data)
    .data                                    0x2007c0a4   Section       12  lib_can.o(.data)
    CAN_std_cnt                              0x2007c0a8   Data           4  lib_can.o(.data)
    CAN_ext_cnt                              0x2007c0ac   Data           4  lib_can.o(.data)
    .bss                                     0x2007c0b0   Section      256  wall_moves.o(.bss)
    .bss                                     0x2007c1b0   Section      996  moves.o(.bss)
    .bss                                     0x2007c594   Section       16  lib_can.o(.bss)
    .bss                                     0x2007c5a4   Section       16  lib_can.o(.bss)
    .bss                                     0x2007c5b4   Section       96  libspace.o(.bss)
    HEAP                                     0x2007c618   Section        0  startup_lpc17xx.o(HEAP)
    Heap_Mem                                 0x2007c618   Data           0  startup_lpc17xx.o(HEAP)

    Global Symbols

    Symbol Name                              Value     Ov Type        Size  Object(Section)

    BuildAttributes$$THM_ISAv4$P$D$K$B$S$PE$A:L22UL41UL21$X:L11$S22US41US21$IEEE1$IW$USESV6$~STKCKD$USESV7$~SHL$OSPACE$ROPI$EBA8$UX$STANDARDLIB$REQ8$PRES8$EABIv2 0x00000000   Number         0  anon$$obj.o ABSOLUTE
    __ARM_use_no_argv                        0x00000000   Number         0  sample.o ABSOLUTE
    __Vectors                                0x00000000   Data           4  startup_lpc17xx.o(RESET)
    _printf_flags                            0x00000000   Number         0  printf_stubs.o ABSOLUTE
    _printf_return_value                     0x00000000   Number         0  printf_stubs.o ABSOLUTE
    _printf_sizespec                         0x00000000   Number         0  printf_stubs.o ABSOLUTE
    _printf_widthprec                        0x00000000   Number         0  printf_stubs.o ABSOLUTE
    __ARM_exceptions_init                     - Undefined Weak Reference
    __alloca_initialize                       - Undefined Weak Reference
    __arm_fini_                               - Undefined Weak Reference
    __arm_preinit_                            - Undefined Weak Reference
    __cpp_initialize__aeabi_                  - Undefined Weak Reference
    __cxa_finalize                            - Undefined Weak Reference
    __rt_locale                               - Undefined Weak Reference
    __sigvec_lookup                           - Undefined Weak Reference
    _atexit_init                              - Undefined Weak Reference
    _call_atexit_fns                          - Undefined Weak Reference
    _clock_init                               - Undefined Weak Reference
    _fp_trap_init                             - Undefined Weak Reference
    _fp_trap_shutdown                         - Undefined Weak Reference
    _get_lc_collate                           - Undefined Weak Reference
    _get_lc_ctype                             - Undefined Weak Reference
    _get_lc_monetary                          - Undefined Weak Reference
    _get_lc_numeric                           - Undefined Weak Reference
    _get_lc_time                              - Undefined Weak Reference
    _getenv_init                              - Undefined Weak Reference
    _handle_redirection                       - Undefined Weak Reference
    _init_alloc                               - Undefined Weak Reference
    _init_user_alloc                          - Undefined Weak Reference
    _initio                                   - Undefined Weak Reference
    _printf_truncate_signed                   - Undefined Weak Reference
    _printf_truncate_unsigned                 - Undefined Weak Reference
    _rand_init                                - Undefined Weak Reference
    _signal_finish                            - Undefined Weak Reference
    _signal_init                              - Undefined Weak Reference
    _terminate_alloc                          - Undefined Weak Reference
    _terminate_user_alloc                     - Undefined Weak Reference
    _terminateio                              - Undefined Weak Reference
    __main                                   0x000000cd   Thumb Code     8  __main.o(!!!main)
    __scatterload                            0x000000d5   Thumb Code     0  __scatter.o(!!!scatter)
    __scatterload_rt2                        0x000000d5   Thumb Code    44  __scatter.o(!!!scatter)
    __scatterload_rt2_thumb_only             0x000000d5   Thumb Code     0  __scatter.o(!!!scatter)
    __scatterload_null                       0x000000e3   Thumb Code     0  __scatter.o(!!!scatter)
    __scatterload_copy                       0x00000109   Thumb Code    26  __scatter_copy.o(!!handler_copy)
    __scatterload_zeroinit                   0x00000125   Thumb Code    28  __scatter_zi.o(!!handler_zi)
    _printf_d                                0x00000141   Thumb Code     0  _printf_d.o(.ARM.Collect$$_printf_percent$$00000009)
    _printf_percent                          0x00000141   Thumb Code     0  _printf_percent.o(.ARM.Collect$$_printf_percent$$00000000)
    _printf_percent_end                      0x00000147   Thumb Code     0  _printf_percent_end.o(.ARM.Collect$$_printf_percent$$00000017)
    __rt_lib_init                            0x0000014b   Thumb Code     0  libinit.o(.ARM.Collect$$libinit$$00000000)
    __rt_lib_init_alloca_1                   0x0000014d   Thumb Code     0  libinit2.o(.ARM.Collect$$libinit$$0000002E)
    __rt_lib_init_argv_1                     0x0000014d   Thumb Code     0  libinit2.o(.ARM.Collect$$libinit$$0000002C)
    __rt_lib_init_atexit_1                   0x0000014d   Thumb Code     0  libinit2.o(.ARM.Collect$$libinit$$0000001B)
    __rt_lib_init_clock_1                    0x0000014d   Thumb Code     0  libinit2.o(.ARM.Collect$$libinit$$00000021)
    __rt_lib_init_cpp_1                      0x0000014d   Thumb Code     0  libinit2.o(.ARM.Collect$$libinit$$00000032)
    __rt_lib_init_exceptions_1               0x0000014d   Thumb Code     0  libinit2.o(.ARM.Collect$$libinit$$00000030)
    __rt_lib_init_fp_1                       0x0000014d   Thumb Code     0  libinit2.o(.ARM.Collect$$libinit$$00000002)
    __rt_lib_init_fp_trap_1                  0x0000014d   Thumb Code     0  libinit2.o(.ARM.Collect$$libinit$$0000001F)
    __rt_lib_init_getenv_1                   0x0000014d   Thumb Code     0  libinit2.o(.ARM.Collect$$libinit$$00000023)
    __rt_lib_init_heap_1                     0x0000014d   Thumb Code     0  libinit2.o(.ARM.Collect$$libinit$$0000000A)
    __rt_lib_init_lc_collate_1               0x0000014d   Thumb Code     0  libinit2.o(.ARM.Collect$$libinit$$00000011)
    __rt_lib_init_lc_ctype_1                 0x0000014d   Thumb Code     0  libinit2.o(.ARM.Collect$$libinit$$00000013)
    __rt_lib_init_lc_monetary_1              0x0000014d   Thumb Code     0  libinit2.o(.ARM.Collect$$libinit$$00000015)
    __rt_lib_init_lc_numeric_1               0x0000014d   Thumb Code     0  libinit2.o(.ARM.Collect$$libinit$$00000017)
    __rt_lib_init_lc_time_1                  0x0000014d   Thumb Code     0  libinit2.o(.ARM.Collect$$libinit$$00000019)
    __rt_lib_init_preinit_1                  0x0000014d   Thumb Code     0  libinit2.o(.ARM.Collect$$libinit$$00000004)
    __rt_lib_init_rand_1                     0x0000014d   Thumb Code     0  libinit2.o(.ARM.Collect$$libinit$$0000000E)
    __rt_lib_init_return                     0x0000014d   Thumb Code     0  libinit2.o(.ARM.Collect$$libinit$$00000033)
    __rt_lib_init_signal_1                   0x0000014d   Thumb Code     0  libinit2.o(.ARM.Collect$$libinit$$0000001D)
    __rt_lib_init_stdio_1                    0x0000014d   Thumb Code     0  libinit2.o(.ARM.Collect$$libinit$$00000025)
    __rt_lib_init_user_alloc_1               0x0000014d   Thumb Code     0  libinit2.o(.ARM.Collect$$libinit$$0000000C)
    __rt_lib_shutdown                        0x0000014f   Thumb Code     0  libshutdown.o(.ARM.Collect$$libshutdown$$00000000)
    __rt_lib_shutdown_cpp_1                  0x00000151   Thumb Code     0  libshutdown2.o(.ARM.Collect$$libshutdown$$00000004)
    __rt_lib_shutdown_fini_1                 0x00000151   Thumb Code     0  libshutdown2.o(.ARM.Collect$$libshutdown$$00000002)
    __rt_lib_shutdown_fp_trap_1              0x00000151   Thumb Code     0  libshutdown2.o(.ARM.Collect$$libshutdown$$00000009)
    __rt_lib_shutdown_heap_1                 0x00000151   Thumb Code     0  libshutdown2.o(.ARM.Collect$$libshutdown$$00000011)
    __rt_lib_shutdown_return                 0x00000151   Thumb Code     0  libshutdown2.o(.ARM.Collect$$libshutdown$$00000012)
    __rt_lib_shutdown_signal_1               0x00000151   Thumb Code     0  libshutdown2.o(.ARM.Collect$$libshutdown$$0000000C)
    __rt_lib_shutdown_stdio_1                0x00000151   Thumb Code     0  libshutdown2.o(.ARM.Collect$$libshutdown$$00000006)
    __rt_lib_shutdown_user_alloc_1           0x00000151   Thumb Code     0  libshutdown2.o(.ARM.Collect$$libshutdown$$0000000E)
    __rt_entry                               0x00000153   Thumb Code     0  __rtentry.o(.ARM.Collect$$rtentry$$00000000)
    __rt_entry_presh_1                       0x00000153   Thumb Code     0  __rtentry2.o(.ARM.Collect$$rtentry$$00000002)
    __rt_entry_sh                            0x00000153   Thumb Code     0  __rtentry4.o(.ARM.Collect$$rtentry$$00000004)
    __rt_entry_li                            0x00000159   Thumb Code     0  __rtentry2.o(.ARM.Collect$$rtentry$$0000000A)
    __rt_entry_postsh_1                      0x00000159   Thumb Code     0  __rtentry2.o(.ARM.Collect$$rtentry$$00000009)
    __rt_entry_main                          0x0000015d   Thumb Code     0  __rtentry2.o(.ARM.Collect$$rtentry$$0000000D)
    __rt_entry_postli_1                      0x0000015d   Thumb Code     0  __rtentry2.o(.ARM.Collect$$rtentry$$0000000C)
    __rt_exit                                0x00000165   Thumb Code     0  rtexit.o(.ARM.Collect$$rtexit$$00000000)
    __rt_exit_ls                             0x00000167   Thumb Code     0  rtexit2.o(.ARM.Collect$$rtexit$$00000003)
    __rt_exit_prels_1                        0x00000167   Thumb Code     0  rtexit2.o(.ARM.Collect$$rtexit$$00000002)
    __rt_exit_exit                           0x0000016b   Thumb Code     0  rtexit2.o(.ARM.Collect$$rtexit$$00000004)
    Reset_Handler                            0x00000171   Thumb Code     4  startup_lpc17xx.o(.text)
    NMI_Handler                              0x00000175   Thumb Code     2  startup_lpc17xx.o(.text)
    HardFault_Handler                        0x00000177   Thumb Code     2  startup_lpc17xx.o(.text)
    MemManage_Handler                        0x00000179   Thumb Code     2  startup_lpc17xx.o(.text)
    BusFault_Handler                         0x0000017b   Thumb Code     2  startup_lpc17xx.o(.text)
    UsageFault_Handler                       0x0000017d   Thumb Code     2  startup_lpc17xx.o(.text)
    SVC_Handler                              0x0000017f   Thumb Code     2  startup_lpc17xx.o(.text)
    DebugMon_Handler                         0x00000181   Thumb Code     2  startup_lpc17xx.o(.text)
    PendSV_Handler                           0x00000183   Thumb Code     2  startup_lpc17xx.o(.text)
    SysTick_Handler                          0x00000185   Thumb Code     2  startup_lpc17xx.o(.text)
    ADC_IRQHandler                           0x00000187   Thumb Code     0  startup_lpc17xx.o(.text)
    BOD_IRQHandler                           0x00000187   Thumb Code     0  startup_lpc17xx.o(.text)
    CANActivity_IRQHandler                   0x00000187   Thumb Code     0  startup_lpc17xx.o(.text)
    DMA_IRQHandler                           0x00000187   Thumb Code     0  startup_lpc17xx.o(.text)
    EINT3_IRQHandler                         0x00000187   Thumb Code     0  startup_lpc17xx.o(.text)
    ENET_IRQHandler                          0x00000187   Thumb Code     0  startup_lpc17xx.o(.text)
    I2C0_IRQHandler                          0x00000187   Thumb Code     0  startup_lpc17xx.o(.text)
    I2C1_IRQHandler                          0x00000187   Thumb Code     0  startup_lpc17xx.o(.text)
    I2C2_IRQHandler                          0x00000187   Thumb Code     0  startup_lpc17xx.o(.text)
    I2S_IRQHandler                           0x00000187   Thumb Code     0  startup_lpc17xx.o(.text)
    MCPWM_IRQHandler                         0x00000187   Thumb Code     0  startup_lpc17xx.o(.text)
    PLL0_IRQHandler                          0x00000187   Thumb Code     0  startup_lpc17xx.o(.text)
    PLL1_IRQHandler                          0x00000187   Thumb Code     0  startup_lpc17xx.o(.text)
    PWM1_IRQHandler                          0x00000187   Thumb Code     0  startup_lpc17xx.o(.text)
    QEI_IRQHandler                           0x00000187   Thumb Code     0  startup_lpc17xx.o(.text)
    RTC_IRQHandler                           0x00000187   Thumb Code     0  startup_lpc17xx.o(.text)
    SPI_IRQHandler                           0x00000187   Thumb Code     0  startup_lpc17xx.o(.text)
    SSP0_IRQHandler                          0x00000187   Thumb Code     0  startup_lpc17xx.o(.text)
    SSP1_IRQHandler                          0x00000187   Thumb Code     0  startup_lpc17xx.o(.text)
    UART0_IRQHandler                         0x00000187   Thumb Code     0  startup_lpc17xx.o(.text)
    UART1_IRQHandler                         0x00000187   Thumb Code     0  startup_lpc17xx.o(.text)
    UART2_IRQHandler                         0x00000187   Thumb Code     0  startup_lpc17xx.o(.text)
    UART3_IRQHandler                         0x00000187   Thumb Code     0  startup_lpc17xx.o(.text)
    USBActivity_IRQHandler                   0x00000187   Thumb Code     0  startup_lpc17xx.o(.text)
    USB_IRQHandler                           0x00000187   Thumb Code     0  startup_lpc17xx.o(.text)
    WDT_IRQHandler                           0x00000187   Thumb Code     0  startup_lpc17xx.o(.text)
    __user_initial_stackheap                 0x00000189   Thumb Code     0  startup_lpc17xx.o(.text)
    main                                     0x000001a5   Thumb Code    88  sample.o(.text)
    GetASCIICode                             0x00000231   Thumb Code    14  asciilib.o(.text)
    EINT0_IRQHandler                         0x00000245   Thumb Code    36  irq_button.o(.text)
    EINT1_IRQHandler                         0x00000269   Thumb Code    36  irq_button.o(.text)
    EINT2_IRQHandler                         0x0000028d   Thumb Code    36  irq_button.o(.text)
    __use_two_region_memory                  0x000002e9   Thumb Code     2  heapauxi.o(.text)
    __rt_heap_escrow$2region                 0x000002eb   Thumb Code     2  heapauxi.o(.text)
    __rt_heap_expand$2region                 0x000002ed   Thumb Code     2  heapauxi.o(.text)
    _sputc                                   0x000002ef   Thumb Code    10  _sputc.o(.text)
    __I$use$semihosting                      0x000002f9   Thumb Code     0  use_no_semi.o(.text)
    __use_no_semihosting_swi                 0x000002f9   Thumb Code     2  use_no_semi.o(.text)
    __semihosting_library_function           0x000002fb   Thumb Code     0  indicate_semi.o(.text)
    SystemInit                               0x00000301   Thumb Code   392  system_lpc17xx.o(.text)
    TIMER0_IRQHandler                        0x000004ad   Thumb Code   666  irq_timer.o(.text)
    TIMER1_IRQHandler                        0x00000747   Thumb Code    78  irq_timer.o(.text)
    TIMER2_IRQHandler                        0x00000795   Thumb Code    84  irq_timer.o(.text)
    TIMER3_IRQHandler                        0x000007e9   Thumb Code    60  irq_timer.o(.text)
    enable_timer                             0x0000087d   Thumb Code    44  lib_timer.o(.text)
    disable_timer                            0x000008a9   Thumb Code    44  lib_timer.o(.text)
    reset_timer                              0x000008d5   Thumb Code    66  lib_timer.o(.text)
    init_timer                               0x00000917   Thumb Code    92  lib_timer.o(.text)
    LCD_Initialization                       0x00000e09   Thumb Code  6592  glcd.o(.text)
    LCD_Clear                                0x000027c9   Thumb Code  1066  glcd.o(.text)
    LCD_SetPoint                             0x00002bf3   Thumb Code   156  glcd.o(.text)
    LCD_DrawLine                             0x00002c8f   Thumb Code   234  glcd.o(.text)
    PutChar                                  0x00002d79   Thumb Code    90  glcd.o(.text)
    GUI_Text                                 0x00002dd3   Thumb Code    70  glcd.o(.text)
    TP_DrawPoint                             0x00002e1d   Thumb Code     8  touchpanel.o(.text)
    DrawSquare                               0x00002e25   Thumb Code   420  touchpanel.o(.text)
    DrawPlayer                               0x00002fc9   Thumb Code   204  touchpanel.o(.text)
    DrawPlayerDir                            0x00003095   Thumb Code    74  touchpanel.o(.text)
    DeletePlayer                             0x000030df   Thumb Code   314  touchpanel.o(.text)
    DeletePlayerDir                          0x00003219   Thumb Code   178  touchpanel.o(.text)
    DrawWallO                                0x000032cb   Thumb Code   108  touchpanel.o(.text)
    DrawWallV                                0x00003337   Thumb Code   108  touchpanel.o(.text)
    DeleteWallO                              0x000033a3   Thumb Code   122  touchpanel.o(.text)
    DeleteWallV                              0x0000341d   Thumb Code   108  touchpanel.o(.text)
    DrawMenu                                 0x00003489   Thumb Code   818  touchpanel.o(.text)
    DrawStart                                0x000037bb   Thumb Code   560  touchpanel.o(.text)
    BUTTON_init                              0x00003a35   Thumb Code   106  lib_button.o(.text)
    key1func                                 0x00003a9f   Thumb Code   242  lib_button.o(.text)
    key2func                                 0x00003b91   Thumb Code   178  lib_button.o(.text)
    joy_up                                   0x00003cb1   Thumb Code   880  funct_joystick.o(.text)
    joy_right                                0x00004021   Thumb Code   594  funct_joystick.o(.text)
    joy_left                                 0x00004273   Thumb Code   566  funct_joystick.o(.text)
    joy_down                                 0x000044a9   Thumb Code   260  funct_joystick.o(.text)
    joy_select                               0x000045ad   Thumb Code   802  funct_joystick.o(.text)
    joystick_init                            0x00004911   Thumb Code    86  lib_joystick.o(.text)
    RIT_IRQHandler                           0x00004971   Thumb Code   922  irq_rit.o(.text)
    enable_RIT                               0x00004d41   Thumb Code    12  lib_rit.o(.text)
    disable_RIT                              0x00004d4d   Thumb Code    12  lib_rit.o(.text)
    reset_RIT                                0x00004d59   Thumb Code     8  lib_rit.o(.text)
    init_RIT                                 0x00004d61   Thumb Code    64  lib_rit.o(.text)
    wall_up                                  0x00004dad   Thumb Code   134  wall_moves.o(.text)
    wall_right                               0x00004e33   Thumb Code   138  wall_moves.o(.text)
    wall_left                                0x00004ebd   Thumb Code   138  wall_moves.o(.text)
    wall_down                                0x00004f47   Thumb Code   134  wall_moves.o(.text)
    check_wall_up                            0x00004fcd   Thumb Code    64  wall_moves.o(.text)
    check_wall_down                          0x0000500d   Thumb Code    64  wall_moves.o(.text)
    check_wall_right                         0x0000504d   Thumb Code    62  wall_moves.o(.text)
    check_wall_left                          0x0000508b   Thumb Code    62  wall_moves.o(.text)
    check_existing_wall                      0x000050c9   Thumb Code   160  wall_moves.o(.text)
    place_wall_bot                           0x00005169   Thumb Code   992  wall_moves.o(.text)
    Textmessage                              0x00005589   Thumb Code    30  moves.o(.text)
    moveRecord                               0x000055a7   Thumb Code    58  moves.o(.text)
    player1win                               0x000055e1   Thumb Code   124  moves.o(.text)
    player2win                               0x0000565d   Thumb Code   124  moves.o(.text)
    blackorwhite                             0x000056d9   Thumb Code    38  moves.o(.text)
    down_direction                           0x000056ff   Thumb Code   434  moves.o(.text)
    up_direction                             0x000058b1   Thumb Code   474  moves.o(.text)
    right_direction                          0x00005a8b   Thumb Code   434  moves.o(.text)
    left_direction                           0x00005c3d   Thumb Code   432  moves.o(.text)
    delete_direction                         0x00005ded   Thumb Code    26  moves.o(.text)
    move_up                                  0x00005e07   Thumb Code   196  moves.o(.text)
    move_right                               0x00005ecb   Thumb Code   162  moves.o(.text)
    move_left                                0x00005f6d   Thumb Code   156  moves.o(.text)
    move_down                                0x00006009   Thumb Code   184  moves.o(.text)
    move_up_right                            0x000060c1   Thumb Code    84  moves.o(.text)
    move_up_left                             0x00006115   Thumb Code    84  moves.o(.text)
    move_down_right                          0x00006169   Thumb Code    84  moves.o(.text)
    move_down_left                           0x000061bd   Thumb Code    84  moves.o(.text)
    enlight_direction                        0x00006211   Thumb Code    28  moves.o(.text)
    trackmove                                0x0000622d   Thumb Code    46  moves.o(.text)
    check_trap_player                        0x0000625b   Thumb Code   326  moves.o(.text)
    visited                                  0x000063a1   Thumb Code    46  moves.o(.text)
    move_bot                                 0x000063cf   Thumb Code   524  moves.o(.text)
    move_bot0                                0x000065db   Thumb Code   534  moves.o(.text)
    bot_function                             0x000067f1   Thumb Code   152  game_mode.o(.text)
    initialize_game                          0x00006889   Thumb Code   326  game_mode.o(.text)
    TextHandshake                            0x000069cf   Thumb Code    78  game_mode.o(.text)
    change_option                            0x00006a1d   Thumb Code  1164  game_mode.o(.text)
    change_mode                              0x00006ea9   Thumb Code   390  game_mode.o(.text)
    TextResponse                             0x0000702f   Thumb Code    28  game_mode.o(.text)
    CAN_IRQHandler                           0x000070c5   Thumb Code   898  irq_can.o(.text)
    CAN_setup                                0x000074e9   Thumb Code   120  lib_can.o(.text)
    CAN_start                                0x00007561   Thumb Code    16  lib_can.o(.text)
    CAN_waitReady                            0x00007571   Thumb Code    18  lib_can.o(.text)
    CAN_wrMsg                                0x00007583   Thumb Code    70  lib_can.o(.text)
    CAN_rdMsg                                0x000075c9   Thumb Code    46  lib_can.o(.text)
    CAN_wrFilter                             0x000075f7   Thumb Code   412  lib_can.o(.text)
    CAN_Init                                 0x00007793   Thumb Code    32  lib_can.o(.text)
    __2sprintf                               0x000077f5   Thumb Code    34  noretval__2sprintf.o(.text)
    _printf_pre_padding                      0x0000781d   Thumb Code    44  _printf_pad.o(.text)
    _printf_post_padding                     0x00007849   Thumb Code    34  _printf_pad.o(.text)
    _printf_int_dec                          0x0000786d   Thumb Code   104  _printf_dec.o(.text)
    __printf                                 0x000078e5   Thumb Code   308  __printf_flags_wp.o(.text)
    __aeabi_memcpy                           0x00007a1d   Thumb Code     0  rt_memcpy_v6.o(.text)
    __rt_memcpy                              0x00007a1d   Thumb Code   138  rt_memcpy_v6.o(.text)
    _memcpy_lastbytes                        0x00007a83   Thumb Code     0  rt_memcpy_v6.o(.text)
    _printf_int_common                       0x00007aa7   Thumb Code   178  _printf_intcommon.o(.text)
    _printf_char_common                      0x00007b63   Thumb Code    32  _printf_char_common.o(.text)
    __aeabi_memcpy4                          0x00007b89   Thumb Code     0  rt_memcpy_w.o(.text)
    __aeabi_memcpy8                          0x00007b89   Thumb Code     0  rt_memcpy_w.o(.text)
    __rt_memcpy_w                            0x00007b89   Thumb Code   100  rt_memcpy_w.o(.text)
    _memcpy_lastbytes_aligned                0x00007bd1   Thumb Code     0  rt_memcpy_w.o(.text)
    __user_setup_stackheap                   0x00007bed   Thumb Code    74  sys_stackheap_outer.o(.text)
    exit                                     0x00007c37   Thumb Code    18  exit.o(.text)
    __user_libspace                          0x00007c49   Thumb Code     8  libspace.o(.text)
    __user_perproc_libspace                  0x00007c49   Thumb Code     0  libspace.o(.text)
    __user_perthread_libspace                0x00007c49   Thumb Code     0  libspace.o(.text)
    _sys_exit                                0x00007c51   Thumb Code     8  sys_exit.o(.text)
    _is_digit                                0x00007c5d   Thumb Code    14  __printf_wp.o(i._is_digit)
    CAN_BIT_TIME                             0x0000825c   Data          68  lib_can.o(.constdata)
    Region$$Table$$Base                      0x000082b4   Number         0  anon$$obj.o(Region$$Table)
    Region$$Table$$Limit                     0x000082e4   Number         0  anon$$obj.o(Region$$Table)
    start                                    0x2007c000   Data           4  sample.o(.data)
    ScaleFlag                                0x2007c004   Data           1  system_lpc17xx.o(.data)
    SystemFrequency                          0x2007c008   Data           4  system_lpc17xx.o(.data)
    change                                   0x2007c00c   Data           4  irq_timer.o(.data)
    c                                        0x2007c010   Data           4  irq_timer.o(.data)
    count_timer                              0x2007c014   Data           4  irq_timer.o(.data)
    player_index                             0x2007c018   Data           4  irq_timer.o(.data)
    timer                                    0x2007c01c   Data           5  irq_timer.o(.data)
    game                                     0x2007c024   Data           1  irq_rit.o(.data)
    down0                                    0x2007c028   Data           4  irq_rit.o(.data)
    down1                                    0x2007c02c   Data           4  irq_rit.o(.data)
    down2                                    0x2007c030   Data           4  irq_rit.o(.data)
    oblique                                  0x2007c034   Data           4  irq_rit.o(.data)
    oblique1                                 0x2007c038   Data           4  irq_rit.o(.data)
    wall1s                                   0x2007c040   Data           5  irq_rit.o(.data)
    wall2s                                   0x2007c045   Data           5  irq_rit.o(.data)
    move                                     0x2007c04c   Data           4  irq_rit.o(.data)
    wallflag                                 0x2007c050   Data           4  irq_rit.o(.data)
    wall1                                    0x2007c054   Data           4  irq_rit.o(.data)
    wall2                                    0x2007c058   Data           4  irq_rit.o(.data)
    W_ind_O                                  0x2007c05c   Data           4  irq_rit.o(.data)
    W_ind_V                                  0x2007c060   Data           4  irq_rit.o(.data)
    rotate                                   0x2007c064   Data           4  irq_rit.o(.data)
    fronte                                   0x2007c068   Data           4  moves.o(.data)
    coda                                     0x2007c06c   Data           4  moves.o(.data)
    recording                                0x2007c070   Data           4  moves.o(.data)
    current_bot                              0x2007c074   Data           4  moves.o(.data)
    tot_bot                                  0x2007c078   Data           4  moves.o(.data)
    passi                                    0x2007c07c   Data           4  moves.o(.data)
    black1                                   0x2007c080   Data           4  moves.o(.data)
    black2                                   0x2007c084   Data           4  moves.o(.data)
    jumpflag                                 0x2007c088   Data           4  moves.o(.data)
    deldir                                   0x2007c08c   Data           4  moves.o(.data)
    bot                                      0x2007c090   Data           4  game_mode.o(.data)
    num_board                                0x2007c094   Data           4  game_mode.o(.data)
    num_player                               0x2007c098   Data           4  game_mode.o(.data)
    rand_num                                 0x2007c09c   Data           4  game_mode.o(.data)
    icr                                      0x2007c0a0   Data           1  lib_can.o(.data)
    result                                   0x2007c0a4   Data           4  lib_can.o(.data)
    W_O                                      0x2007c0b0   Data         128  wall_moves.o(.bss)
    W_V                                      0x2007c130   Data         128  wall_moves.o(.bss)
    player                                   0x2007c1b0   Data          16  moves.o(.bss)
    trackplayer                              0x2007c1c0   Data         392  moves.o(.bss)
    trackbot                                 0x2007c348   Data         392  moves.o(.bss)
    movebot                                  0x2007c4d0   Data         196  moves.o(.bss)
    CAN_TxMsg                                0x2007c594   Data          16  lib_can.o(.bss)
    CAN_RxMsg                                0x2007c5a4   Data          16  lib_can.o(.bss)
    __libspace_start                         0x2007c5b4   Data          96  libspace.o(.bss)
    __temporary_stack_top$libspace           0x2007c614   Data           0  libspace.o(.bss)



==============================================================================

Memory Map of the image

  Image Entry point : 0x000000cd

  Load Region LR_IROM1 (Base: 0x00000000, Size: 0x00008394, Max: 0x00080000, ABSOLUTE)

    Execution Region ER_IROM1 (Exec base: 0x00000000, Load base: 0x00000000, Size: 0x000082e4, Max: 0x00080000, ABSOLUTE)

    Exec Addr    Load Addr    Size         Type   Attr      Idx    E Section Name        Object

    0x00000000   0x00000000   0x000000cc   Data   RO            3    RESET               startup_lpc17xx.o
    0x000000cc   0x000000cc   0x00000008   Code   RO          765  * !!!main             c_w.l(__main.o)
    0x000000d4   0x000000d4   0x00000034   Code   RO          935    !!!scatter          c_w.l(__scatter.o)
    0x00000108   0x00000108   0x0000001a   Code   RO          937    !!handler_copy      c_w.l(__scatter_copy.o)
    0x00000122   0x00000122   0x00000002   PAD
    0x00000124   0x00000124   0x0000001c   Code   RO          939    !!handler_zi        c_w.l(__scatter_zi.o)
    0x00000140   0x00000140   0x00000000   Code   RO          760    .ARM.Collect$$_printf_percent$$00000000  c_w.l(_printf_percent.o)
    0x00000140   0x00000140   0x00000006   Code   RO          759    .ARM.Collect$$_printf_percent$$00000009  c_w.l(_printf_d.o)
    0x00000146   0x00000146   0x00000004   Code   RO          774    .ARM.Collect$$_printf_percent$$00000017  c_w.l(_printf_percent_end.o)
    0x0000014a   0x0000014a   0x00000002   Code   RO          803    .ARM.Collect$$libinit$$00000000  c_w.l(libinit.o)
    0x0000014c   0x0000014c   0x00000000   Code   RO          810    .ARM.Collect$$libinit$$00000002  c_w.l(libinit2.o)
    0x0000014c   0x0000014c   0x00000000   Code   RO          812    .ARM.Collect$$libinit$$00000004  c_w.l(libinit2.o)
    0x0000014c   0x0000014c   0x00000000   Code   RO          815    .ARM.Collect$$libinit$$0000000A  c_w.l(libinit2.o)
    0x0000014c   0x0000014c   0x00000000   Code   RO          817    .ARM.Collect$$libinit$$0000000C  c_w.l(libinit2.o)
    0x0000014c   0x0000014c   0x00000000   Code   RO          819    .ARM.Collect$$libinit$$0000000E  c_w.l(libinit2.o)
    0x0000014c   0x0000014c   0x00000000   Code   RO          822    .ARM.Collect$$libinit$$00000011  c_w.l(libinit2.o)
    0x0000014c   0x0000014c   0x00000000   Code   RO          824    .ARM.Collect$$libinit$$00000013  c_w.l(libinit2.o)
    0x0000014c   0x0000014c   0x00000000   Code   RO          826    .ARM.Collect$$libinit$$00000015  c_w.l(libinit2.o)
    0x0000014c   0x0000014c   0x00000000   Code   RO          828    .ARM.Collect$$libinit$$00000017  c_w.l(libinit2.o)
    0x0000014c   0x0000014c   0x00000000   Code   RO          830    .ARM.Collect$$libinit$$00000019  c_w.l(libinit2.o)
    0x0000014c   0x0000014c   0x00000000   Code   RO          832    .ARM.Collect$$libinit$$0000001B  c_w.l(libinit2.o)
    0x0000014c   0x0000014c   0x00000000   Code   RO          834    .ARM.Collect$$libinit$$0000001D  c_w.l(libinit2.o)
    0x0000014c   0x0000014c   0x00000000   Code   RO          836    .ARM.Collect$$libinit$$0000001F  c_w.l(libinit2.o)
    0x0000014c   0x0000014c   0x00000000   Code   RO          838    .ARM.Collect$$libinit$$00000021  c_w.l(libinit2.o)
    0x0000014c   0x0000014c   0x00000000   Code   RO          840    .ARM.Collect$$libinit$$00000023  c_w.l(libinit2.o)
    0x0000014c   0x0000014c   0x00000000   Code   RO          842    .ARM.Collect$$libinit$$00000025  c_w.l(libinit2.o)
    0x0000014c   0x0000014c   0x00000000   Code   RO          846    .ARM.Collect$$libinit$$0000002C  c_w.l(libinit2.o)
    0x0000014c   0x0000014c   0x00000000   Code   RO          848    .ARM.Collect$$libinit$$0000002E  c_w.l(libinit2.o)
    0x0000014c   0x0000014c   0x00000000   Code   RO          850    .ARM.Collect$$libinit$$00000030  c_w.l(libinit2.o)
    0x0000014c   0x0000014c   0x00000000   Code   RO          852    .ARM.Collect$$libinit$$00000032  c_w.l(libinit2.o)
    0x0000014c   0x0000014c   0x00000002   Code   RO          853    .ARM.Collect$$libinit$$00000033  c_w.l(libinit2.o)
    0x0000014e   0x0000014e   0x00000002   Code   RO          873    .ARM.Collect$$libshutdown$$00000000  c_w.l(libshutdown.o)
    0x00000150   0x00000150   0x00000000   Code   RO          886    .ARM.Collect$$libshutdown$$00000002  c_w.l(libshutdown2.o)
    0x00000150   0x00000150   0x00000000   Code   RO          888    .ARM.Collect$$libshutdown$$00000004  c_w.l(libshutdown2.o)
    0x00000150   0x00000150   0x00000000   Code   RO          890    .ARM.Collect$$libshutdown$$00000006  c_w.l(libshutdown2.o)
    0x00000150   0x00000150   0x00000000   Code   RO          893    .ARM.Collect$$libshutdown$$00000009  c_w.l(libshutdown2.o)
    0x00000150   0x00000150   0x00000000   Code   RO          896    .ARM.Collect$$libshutdown$$0000000C  c_w.l(libshutdown2.o)
    0x00000150   0x00000150   0x00000000   Code   RO          898    .ARM.Collect$$libshutdown$$0000000E  c_w.l(libshutdown2.o)
    0x00000150   0x00000150   0x00000000   Code   RO          901    .ARM.Collect$$libshutdown$$00000011  c_w.l(libshutdown2.o)
    0x00000150   0x00000150   0x00000002   Code   RO          902    .ARM.Collect$$libshutdown$$00000012  c_w.l(libshutdown2.o)
    0x00000152   0x00000152   0x00000000   Code   RO          767    .ARM.Collect$$rtentry$$00000000  c_w.l(__rtentry.o)
    0x00000152   0x00000152   0x00000000   Code   RO          778    .ARM.Collect$$rtentry$$00000002  c_w.l(__rtentry2.o)
    0x00000152   0x00000152   0x00000006   Code   RO          790    .ARM.Collect$$rtentry$$00000004  c_w.l(__rtentry4.o)
    0x00000158   0x00000158   0x00000000   Code   RO          780    .ARM.Collect$$rtentry$$00000009  c_w.l(__rtentry2.o)
    0x00000158   0x00000158   0x00000004   Code   RO          781    .ARM.Collect$$rtentry$$0000000A  c_w.l(__rtentry2.o)
    0x0000015c   0x0000015c   0x00000000   Code   RO          783    .ARM.Collect$$rtentry$$0000000C  c_w.l(__rtentry2.o)
    0x0000015c   0x0000015c   0x00000008   Code   RO          784    .ARM.Collect$$rtentry$$0000000D  c_w.l(__rtentry2.o)
    0x00000164   0x00000164   0x00000002   Code   RO          807    .ARM.Collect$$rtexit$$00000000  c_w.l(rtexit.o)
    0x00000166   0x00000166   0x00000000   Code   RO          855    .ARM.Collect$$rtexit$$00000002  c_w.l(rtexit2.o)
    0x00000166   0x00000166   0x00000004   Code   RO          856    .ARM.Collect$$rtexit$$00000003  c_w.l(rtexit2.o)
    0x0000016a   0x0000016a   0x00000006   Code   RO          857    .ARM.Collect$$rtexit$$00000004  c_w.l(rtexit2.o)
    0x00000170   0x00000170   0x00000034   Code   RO            5    .text               startup_lpc17xx.o
    0x000001a4   0x000001a4   0x0000008c   Code   RO           16    .text               sample.o
    0x00000230   0x00000230   0x00000014   Code   RO          250    .text               asciilib.o
    0x00000244   0x00000244   0x000000a4   Code   RO          302    .text               irq_button.o
    0x000002e8   0x000002e8   0x00000006   Code   RO          763    .text               c_w.l(heapauxi.o)
    0x000002ee   0x000002ee   0x0000000a   Code   RO          772    .text               c_w.l(_sputc.o)
    0x000002f8   0x000002f8   0x00000002   Code   RO          876    .text               c_w.l(use_no_semi.o)
    0x000002fa   0x000002fa   0x00000000   Code   RO          878    .text               c_w.l(indicate_semi.o)
    0x000002fa   0x000002fa   0x00000002   PAD
    0x000002fc   0x000002fc   0x00000004   Code   RO            4    .ARM.__at_0x02FC    startup_lpc17xx.o
    0x00000300   0x00000300   0x000001ac   Code   RO           98    .text               system_lpc17xx.o
    0x000004ac   0x000004ac   0x000003d0   Code   RO          129    .text               irq_timer.o
    0x0000087c   0x0000087c   0x0000011c   Code   RO          193    .text               lib_timer.o
    0x00000998   0x00000998   0x00002484   Code   RO          221    .text               glcd.o
    0x00002e1c   0x00002e1c   0x00000c18   Code   RO          267    .text               touchpanel.o
    0x00003a34   0x00003a34   0x0000027c   Code   RO          334    .text               lib_button.o
    0x00003cb0   0x00003cb0   0x00000c60   Code   RO          386    .text               funct_joystick.o
    0x00004910   0x00004910   0x00000060   Code   RO          430    .text               lib_joystick.o
    0x00004970   0x00004970   0x000003d0   Code   RO          454    .text               irq_rit.o
    0x00004d40   0x00004d40   0x0000006c   Code   RO          513    .text               lib_rit.o
    0x00004dac   0x00004dac   0x000007dc   Code   RO          537    .text               wall_moves.o
    0x00005588   0x00005588   0x00001268   Code   RO          574    .text               moves.o
    0x000067f0   0x000067f0   0x000008d4   Code   RO          606    .text               game_mode.o
    0x000070c4   0x000070c4   0x000003f8   Code   RO          641    .text               irq_can.o
    0x000074bc   0x000074bc   0x00000338   Code   RO          696    .text               lib_can.o
    0x000077f4   0x000077f4   0x00000028   Code   RO          731    .text               c_w.l(noretval__2sprintf.o)
    0x0000781c   0x0000781c   0x0000004e   Code   RO          735    .text               c_w.l(_printf_pad.o)
    0x0000786a   0x0000786a   0x00000002   PAD
    0x0000786c   0x0000786c   0x00000078   Code   RO          737    .text               c_w.l(_printf_dec.o)
    0x000078e4   0x000078e4   0x00000138   Code   RO          751    .text               c_w.l(__printf_flags_wp.o)
    0x00007a1c   0x00007a1c   0x0000008a   Code   RO          761    .text               c_w.l(rt_memcpy_v6.o)
    0x00007aa6   0x00007aa6   0x000000b2   Code   RO          768    .text               c_w.l(_printf_intcommon.o)
    0x00007b58   0x00007b58   0x00000030   Code   RO          770    .text               c_w.l(_printf_char_common.o)
    0x00007b88   0x00007b88   0x00000064   Code   RO          775    .text               c_w.l(rt_memcpy_w.o)
    0x00007bec   0x00007bec   0x0000004a   Code   RO          794    .text               c_w.l(sys_stackheap_outer.o)
    0x00007c36   0x00007c36   0x00000012   Code   RO          796    .text               c_w.l(exit.o)
    0x00007c48   0x00007c48   0x00000008   Code   RO          804    .text               c_w.l(libspace.o)
    0x00007c50   0x00007c50   0x0000000c   Code   RO          865    .text               c_w.l(sys_exit.o)
    0x00007c5c   0x00007c5c   0x0000000e   Code   RO          749    i._is_digit         c_w.l(__printf_wp.o)
    0x00007c6a   0x00007c6a   0x000005f0   Data   RO          251    .constdata          asciilib.o
    0x0000825a   0x0000825a   0x00000002   PAD
    0x0000825c   0x0000825c   0x00000044   Data   RO          699    .constdata          lib_can.o
    0x000082a0   0x000082a0   0x00000011   Data   RO          752    .constdata          c_w.l(__printf_flags_wp.o)
    0x000082b1   0x000082b1   0x00000003   PAD
    0x000082b4   0x000082b4   0x00000030   Data   RO          933    Region$$Table       anon$$obj.o


    Execution Region RW_IRAM1 (Exec base: 0x10000000, Load base: 0x000082e4, Size: 0x00006000, Max: 0x00008000, ABSOLUTE)

    Exec Addr    Load Addr    Size         Type   Attr      Idx    E Section Name        Object

    0x10000000        -       0x00006000   Zero   RW            1    STACK               startup_lpc17xx.o


    Execution Region RW_IRAM2 (Exec base: 0x2007c000, Load base: 0x000082e4, Size: 0x00000618, Max: 0x00008000, ABSOLUTE)

    Exec Addr    Load Addr    Size         Type   Attr      Idx    E Section Name        Object

    0x2007c000   0x000082e4   0x00000004   Data   RW           17    .data               sample.o
    0x2007c004   0x000082e8   0x00000008   Data   RW           99    .data               system_lpc17xx.o
    0x2007c00c   0x000082f0   0x00000015   Data   RW          130    .data               irq_timer.o
    0x2007c021   0x00008305   0x00000001   Data   RW          222    .data               glcd.o
    0x2007c022   0x00008306   0x00000002   PAD
    0x2007c024   0x00008308   0x0000001c   Data   RW          455    .data               irq_rit.o
    0x2007c040   0x00008324   0x00000005   Data   RW          456    .data               irq_rit.o
    0x2007c045   0x00008329   0x00000005   Data   RW          457    .data               irq_rit.o
    0x2007c04a   0x0000832e   0x00000002   PAD
    0x2007c04c   0x00008330   0x00000004   Data   RW          458    .data               irq_rit.o
    0x2007c050   0x00008334   0x00000004   Data   RW          459    .data               irq_rit.o
    0x2007c054   0x00008338   0x00000004   Data   RW          460    .data               irq_rit.o
    0x2007c058   0x0000833c   0x00000004   Data   RW          461    .data               irq_rit.o
    0x2007c05c   0x00008340   0x00000004   Data   RW          462    .data               irq_rit.o
    0x2007c060   0x00008344   0x00000004   Data   RW          463    .data               irq_rit.o
    0x2007c064   0x00008348   0x00000004   Data   RW          464    .data               irq_rit.o
    0x2007c068   0x0000834c   0x00000028   Data   RW          576    .data               moves.o
    0x2007c090   0x00008374   0x00000010   Data   RW          607    .data               game_mode.o
    0x2007c0a0   0x00008384   0x00000001   Data   RW          700    .data               lib_can.o
    0x2007c0a1   0x00008385   0x00000003   PAD
    0x2007c0a4   0x00008388   0x0000000c   Data   RW          701    .data               lib_can.o
    0x2007c0b0        -       0x00000100   Zero   RW          538    .bss                wall_moves.o
    0x2007c1b0        -       0x000003e4   Zero   RW          575    .bss                moves.o
    0x2007c594        -       0x00000010   Zero   RW          697    .bss                lib_can.o
    0x2007c5a4        -       0x00000010   Zero   RW          698    .bss                lib_can.o
    0x2007c5b4        -       0x00000060   Zero   RW          805    .bss                c_w.l(libspace.o)
    0x2007c614   0x00008394   0x00000004   PAD
    0x2007c618        -       0x00000000   Zero   RW            2    HEAP                startup_lpc17xx.o


==============================================================================

Image component sizes


      Code (inc. data)   RO Data    RW Data    ZI Data      Debug   Object Name

        20          6       1520          0          0       1159   asciilib.o
      3168        140          0          0          0       4252   funct_joystick.o
      2260        260          0         16          0      29795   game_mode.o
      9348         40          0          1          0      29434   glcd.o
       164         22          0          0          0      27476   irq_button.o
      1016        118          0          0          0       1413   irq_can.o
       976         94          0         66          0       5062   irq_rit.o
       976         88          0         21          0      21217   irq_timer.o
       636         52          0          0          0      27939   lib_button.o
       824         40         68         13         32       4784   lib_can.o
        96         10          0          0          0        524   lib_joystick.o
       108         12          0          0          0       1048   lib_rit.o
       284         12          0          0          0      28227   lib_timer.o
      4712         74          0         40        996      10454   moves.o
       140         18          0          4          0      48870   sample.o
        56         22        204          0      24576       1132   startup_lpc17xx.o
       428         36          0          8          0       1025   system_lpc17xx.o
      3096         86          0          0          0       5191   touchpanel.o
      2012         98          0          0        256       6285   wall_moves.o

    ----------------------------------------------------------------------
     30320       1228       1842        176      25860     255287   Object Totals
         0          0         48          0          0          0   (incl. Generated)
         0          0          2          7          0          0   (incl. Padding)

    ----------------------------------------------------------------------

      Code (inc. data)   RO Data    RW Data    ZI Data      Debug   Library Member Name

         8          0          0          0          0         68   __main.o
       312          4         17          0          0         92   __printf_flags_wp.o
        14          0          0          0          0         68   __printf_wp.o
         0          0          0          0          0          0   __rtentry.o
        12          0          0          0          0          0   __rtentry2.o
         6          0          0          0          0          0   __rtentry4.o
        52          8          0          0          0          0   __scatter.o
        26          0          0          0          0          0   __scatter_copy.o
        28          0          0          0          0          0   __scatter_zi.o
        48          6          0          0          0         96   _printf_char_common.o
         6          0          0          0          0          0   _printf_d.o
       120         16          0          0          0         92   _printf_dec.o
       178          0          0          0          0         88   _printf_intcommon.o
        78          0          0          0          0        108   _printf_pad.o
         0          0          0          0          0          0   _printf_percent.o
         4          0          0          0          0          0   _printf_percent_end.o
        10          0          0          0          0         68   _sputc.o
        18          0          0          0          0         80   exit.o
         6          0          0          0          0        152   heapauxi.o
         0          0          0          0          0          0   indicate_semi.o
         2          0          0          0          0          0   libinit.o
         2          0          0          0          0          0   libinit2.o
         2          0          0          0          0          0   libshutdown.o
         2          0          0          0          0          0   libshutdown2.o
         8          4          0          0         96         68   libspace.o
        40          6          0          0          0         84   noretval__2sprintf.o
       138          0          0          0          0         68   rt_memcpy_v6.o
       100          0          0          0          0         80   rt_memcpy_w.o
         2          0          0          0          0          0   rtexit.o
        10          0          0          0          0          0   rtexit2.o
        12          4          0          0          0         68   sys_exit.o
        74          0          0          0          0         80   sys_stackheap_outer.o
         2          0          0          0          0         68   use_no_semi.o

    ----------------------------------------------------------------------
      1326         48         20          0        100       1428   Library Totals
         6          0          3          0          4          0   (incl. Padding)

    ----------------------------------------------------------------------

      Code (inc. data)   RO Data    RW Data    ZI Data      Debug   Library Name

      1320         48         17          0         96       1428   c_w.l

    ----------------------------------------------------------------------
      1326         48         20          0        100       1428   Library Totals

    ----------------------------------------------------------------------

==============================================================================


      Code (inc. data)   RO Data    RW Data    ZI Data      Debug   

     31646       1276       1862        176      25960     255047   Grand Totals
     31646       1276       1862        176      25960     255047   ELF Image Totals
     31646       1276       1862        176          0          0   ROM Totals

==============================================================================

    Total RO  Size (Code + RO Data)                33508 (  32.72kB)
    Total RW  Size (RW Data + ZI Data)             26136 (  25.52kB)
    Total ROM Size (Code + RO Data + RW Data)      33684 (  32.89kB)

==============================================================================

